root@eltex-practice2-pg1-v8:~# git config --global user.name "Alexanderio1"
root@eltex-practice2-pg1-v8:~# git config --global user.email "kostolomov2005@gmail.com"
root@eltex-practice2-pg1-v8:~# git config --global init.defaultBranch main
root@eltex-practice2-pg1-v8:~# apt update
0% [Working]            Hit:1 http://ru.archive.ubuntu.com/ubuntu noble InRelease
0% [Connecting to security.ubuntu.com (91.189.91.81)]                                                     0% [Waiting for headers] [Waiting for headers]                                              Hit:2 http://ru.archive.ubuntu.com/ubuntu noble-updates InRelease
                                              0% [Waiting for headers]0% [Waiting for headers] [Waiting for headers]                                              Hit:3 http://ru.archive.ubuntu.com/ubuntu noble-backports InRelease
                                              0% [Waiting for headers]0% [Waiting for headers]                        Hit:4 http://security.ubuntu.com/ubuntu noble-security InRelease
                        0% [Working]20% [Working]             Reading package lists... 0%Reading package lists... 0%Reading package lists... 0%Reading package lists... 3%Reading package lists... 3%Reading package lists... 4%Reading package lists... 4%Reading package lists... 4%Reading package lists... 4%Reading package lists... 4%Reading package lists... 4%Reading package lists... 35%Reading package lists... 35%Reading package lists... 49%Reading package lists... 49%Reading package lists... 50%Reading package lists... 50%Reading package lists... 50%Reading package lists... 50%Reading package lists... 54%Reading package lists... 54%Reading package lists... 57%Reading package lists... 57%Reading package lists... 65%Reading package lists... 65%Reading package lists... 70%Reading package lists... 70%Reading package lists... 75%Reading package lists... 75%Reading package lists... 76%Reading package lists... 76%Reading package lists... 76%Reading package lists... 76%Reading package lists... 76%Reading package lists... 76%Reading package lists... 76%Reading package lists... 76%Reading package lists... 76%Reading package lists... 76%Reading package lists... 76%Reading package lists... 76%Reading package lists... 76%Reading package lists... 76%Reading package lists... 76%Reading package lists... 76%Reading package lists... 76%Reading package lists... 76%Reading package lists... 80%Reading package lists... 80%Reading package lists... 83%Reading package lists... 83%Reading package lists... 90%Reading package lists... 90%Reading package lists... 95%Reading package lists... 95%Reading package lists... 98%Reading package lists... 98%Reading package lists... 99%Reading package lists... 99%Reading package lists... 99%Reading package lists... 99%Reading package lists... 99%Reading package lists... 99%Reading package lists... Done
Building dependency tree... 0%Building dependency tree... 0%Building dependency tree... 0%Building dependency tree... 50%Building dependency tree... 50%Building dependency tree... Done
Reading state information... 0% Reading state information... 0%Reading state information... Done
75 packages can be upgraded. Run 'apt list --upgradable' to see them.
root@eltex-practice2-pg1-v8:~# apt install -y git gh
Reading package lists... 0%Reading package lists... 100%Reading package lists... Done
Building dependency tree... 0%Building dependency tree... 0%Building dependency tree... 50%Building dependency tree... 50%Building dependency tree... Done
Reading state information... 0% Reading state information... 0%Reading state information... Done
git is already the newest version (1:2.43.0-1ubuntu7.3).
gh is already the newest version (2.45.0-1ubuntu0.3).
0 upgraded, 0 newly installed, 0 to remove and 75 not upgraded.
root@eltex-practice2-pg1-v8:~# ssh-keygen -t ed25519 -f ~/.ssh/Alexanderio1
Generating public/private ed25519 key pair.
Enter passphrase (empty for no passphrase): 
Enter same passphrase again: 
Your identification has been saved in /root/.ssh/Alexanderio1
Your public key has been saved in /root/.ssh/Alexanderio1.pub
The key fingerprint is:
SHA256:ski2Uns/Elf8G3tTXA4StSWdQPuZw3Qn8JFJZb5k01k root@eltex-practice2-pg1-v8
The key's randomart image is:
+--[ED25519 256]--+
|            o=*=E|
|            .o+O=|
|         .   o+*=|
|          o . B.O|
|    + . S. . . @.|
|   + +.o.   o   =|
|  . + oo     + . |
|   . ....   o o  |
|       ...   . . |
+----[SHA256]-----+
root@eltex-practice2-pg1-v8:~# gh auth login
? What account do you want to log into?  [Use arrows to move, type to filter]
> GitHub.com
  GitHub Enterprise Server
? What account do you want to log into?  [Use arrows to move, type to filter]
  GitHub.com
> GitHub Enterprise Server
? What account do you want to log into?  [Use arrows to move, type to filter]
> GitHub.com
  GitHub Enterprise Server
? What account do you want to log into? GitHub.com
? What is your preferred protocol for Git operations on this host?  [Use arrows to move, type to filter]
> HTTPS
  SSH
? What is your preferred protocol for Git operations on this host?  [Use arrows to move, type to filter]
  HTTPS
> SSH
? What is your preferred protocol for Git operations on this host? SSH
? Upload your SSH public key to your GitHub account?  [Use arrows to move, type to filter]
> /root/.ssh/Alexanderio1.pub
  Skip
? Upload your SSH public key to your GitHub account? /root/.ssh/Alexanderio1.pub
? Title for your SSH key: (GitHub CLI) eltex-practice2-pg1p-v8? Title for your SSH key: eltex-practice2-pg1-v8
? How would you like to authenticate GitHub CLI?  [Use arrows to move, type to filter]
> Login with a web browser
  Paste an authentication token
? How would you like to authenticate GitHub CLI? Login with a web browser

! First copy your one-time code: 5092-EF99
Press Enter to open github.com in your browser... 
! Failed opening a web browser at https://github.com/login/device
  exec: "xdg-open,x-www-browser,www-browser,wslview": executable file not found in $PATH
  Please try entering the URL in your browser manually
✓ Authentication complete.
- gh config set -h github.com git_protocol ssh
✓ Configured git protocol
! Authentication credentials saved in plain text
✓ Uploaded the SSH key to your GitHub account: /root/Script started on 2026-03-31 09:24:23+00:00 [TERM="dumb" TTY="/dev/pts/0" COLUMNS="120" LINES="30"]
root@eltex-practice2-pg1-v8:~# gh auth setup-git --hostname github.com
root@eltex-practice2-pg1-v8:~# gh auth status
github.com
  ✓ Logged in to github.com account Alexanderio1 (/root/.config/gh/hosts.yml)
  - Active account: true
  - Git operations protocol: ssh
  - Token: gho_************************************
  - Token scopes: 'admin:public_key', 'gist', 'read:org', 'repo'
root@eltex-practice2-pg1-v8:~# gh repo view Alexanderio1/eltex-2026-spring
GraphQL: Could not resolve to a Repository with the name 'Alexanderio1/eltex-2026-spring'. (repository)
root@eltex-practice2-pg1-v8:~# gh repo create --public eltex-2026-spring
✓ Created repository Alexanderio1/eltex-2026-spring on GitHub
  https://github.com/Alexanderio1/eltex-2026-spring
root@eltex-practice2-pg1-v8:~# mkdir ~/eltex-2026-spring
root@eltex-practice2-pg1-v8:~# cd ~/eltex-2026-spring
root@eltex-practice2-pg1-v8:~/eltex-2026-spring# echo "# eltex-2026-spring" > README.md
root@eltex-practice2-pg1-v8:~/eltex-2026-spring# git init
Initialized empty Git repository in /root/eltex-2026-spring/.git/
root@eltex-practice2-pg1-v8:~/eltex-2026-spring# git add README.md
root@eltex-practice2-pg1-v8:~/eltex-2026-spring# git commit -m "first commit"
[main (root-commit) ada2cd8] first commit
 1 file changed, 1 insertion(+)
 create mode 100644 README.md
root@eltex-practice2-pg1-v8:~/eltex-2026-spring# git branch -M main
root@eltex-practice2-pg1-v8:~/eltex-2026-spring# <# git remote add origin https://github.com/Alexanderio1/eltex-2026-spring.git
root@eltex-practice2-pg1-v8:~/eltex-2026-spring# git status
On branch main
nothing to commit, working tree clean
root@eltex-practice2-pg1-v8:~/eltex-2026-spring# git push -u origin main
Enumerating objects: 3, done.
Counting objects:  33% (1/3)Counting objects:  66% (2/3)Counting objects: 100% (3/3)Counting objects: 100% (3/3), done.
Writing objects:  33% (1/3)Writing objects:  66% (2/3)Writing objects: 100% (3/3)Writing objects: 100% (3/3), 237 bytes | 237.00 KiB/s, done.
Total 3 (delta 0), reused 0 (delta 0), pack-reused 0
To https://github.com/Alexanderio1/eltex-2026-spring.git
 * [new branch]      main -> main
branch 'main' set up to track 'origin/main'.
root@eltex-practice2-pg1-v8:~/eltex-2026-spring#                                                                                                                         root@eltex-practice2-pg1-v8:~/eltex-2026-spring#                                                                                                                         root@eltex-practice2-pg1-v8:~/eltex-2026-spring#                                                                                                                          root@eltex-practice2-pg1-v8:~/eltex-2026-spring#                                                                                                                          root@eltex-practice2-pg1-v8:~/eltex-2026-spring#                                                                                                                          root@eltex-practice2-pg1-v8:~/eltex-2026-spring#                                                                                                                           root@eltex-practice2-pg1-v8:~/eltex-2026-spring#                                                                                                                           root@eltex-practice2-pg1-v8:~/eltex-2026-spring#                                                                                                                          root@eltex-practice2-pg1-v8:~/eltex-2026-spring#                                                                                                                          root@eltex-practice2-pg1-v8:~/eltex-2026-spring#                                                                                                                          root@eltex-practice2-pg1-v8:~/eltex-2026-spring#                                                                                                                         root@eltex-practice2-pg1-v8:~/eltex-2026-spring#                                                                                                                         root@eltex-practice2-pg1-v8:~/eltex-2026-spring#                                                                                                                         root@eltex-practice2-pg1-v8:~/eltex-2026-spring#                                                                                                                          root@eltex-practice2-pg1-v8:~/eltex-2026-spring#                                                                                                                          root@eltex-practice2-pg1-v8:~/eltex-2026-spring#                                                                                                                           root@eltex-practice2-pg1-v8:~/eltex-2026-spring#                                                                                                                            root@eltex-practice2-pg1-v8:~/eltex-2026-spring#                                                                                                                            root@eltex-practice2-pg1-v8:~/eltex-2026-spring# cd ~/eltex-2026-spring
root@eltex-practice2-pg1-v8:~/eltex-2026-spring# mkdir -p module1/task1
root@eltex-practice2-pg1-v8:~/eltex-2026-spring# mkdir module1/task2
root@eltex-practice2-pg1-v8:~/eltex-2026-spring# mkdir module1/task3
Script started on 2026-03-31 17:14:20+00:00 [TERM="dumb" TTY="/dev/pts/0" COLUMNS="120" LINES="30"]
root@eltex-practice2-pg1-v8:~# cd ~/eltex-2026-spring
root@eltex-practice2-pg1-v8:~/eltex-2026-spring# ls -R module1
module1:
task1  task2  task3

module1/task1:

module1/task2:
eltex-pg1-v8_part.log

module1/task3:
eltex-pg1-v8_part3_gt50M.log  eltex-pg1-v8_part3.log
root@eltex-practice2-pg1-v8:~/eltex-2026-spring# mv module1/task2/eltex-pg1-v8_part.log module1/task1/ 2>/dev/null
root@eltex-practice2-pg1-v8:~/eltex-2026-spring# mv module1/task3/eltex-pg1-v8_part3.log module1/task1/ 2>/dev/null
root@eltex-practice2-pg1-v8:~/eltex-2026-spring# mv module1/task3/eltex-pg1-v8_part3_gt50M.log module1/task1/ 2>/dev/null 
root@eltex-practice2-pg1-v8:~/eltex-2026-spring# mv practice2_eltex-pg1-v8_part1.log module1/task2/ 2>/dev/null
root@eltex-practice2-pg1-v8:~/eltex-2026-spring# mv practice2_eltex-pg1-v8_part2.log module1/task2/ 2>/dev/null
root@eltex-practice2-pg1-v8:~/eltex-2026-spring# find module1 -maxdepth 2 -type f | sort
module1/task1/eltex-pg1-v8_part3_gt50M.log
module1/task1/eltex-pg1-v8_part3.log
module1/task1/eltex-pg1-v8_part.log
root@eltex-practice2-pg1-v8:~/eltex-2026-spring# ls -l ~/practice2_eltex-pg1-v8_part1.log ~/practice2_eltex-pg1-v8_part2.log
-rw-r--r-- 1 root root  20473 Mar 26 18:00 /root/practice2_eltex-pg1-v8_part1.log
-rw-r--r-- 1 root root 269266 Mar 26 19:25 /root/practice2_eltex-pg1-v8_part2.log
root@eltex-practice2-pg1-v8:~/eltex-2026-spring# mv ~/practice2_eltex-pg1-v8_part1.log module1/task2/
root@eltex-practice2-pg1-v8:~/eltex-2026-spring# mv ~/practice2_eltex-pg1-v8_part2.log module1/task2/
root@eltex-practice2-pg1-v8:~/eltex-2026-spring# find module1 -maxdepth 2 -type f | sort
module1/task1/eltex-pg1-v8_part3_gt50M.log
module1/task1/eltex-pg1-v8_part3.log
module1/task1/eltex-pg1-v8_part.log
module1/task2/practice2_eltex-pg1-v8_part1.log
module1/task2/practice2_eltex-pg1-v8_part2.log
root@eltex-practice2-pg1-v8:~/eltex-2026-spring# git add .
root@eltex-practice2-pg1-v8:~/eltex-2026-spring# git status
On branch main
Your branch is up to date with 'origin/main'.

Changes to be committed:
  (use "git restore --staged <file>..." to unstage)
	new file:   module1/task1/eltex-pg1-v8_part.log
	new file:   module1/task1/eltex-pg1-v8_part3.log
	new file:   module1/task1/eltex-pg1-v8_part3_gt50M.log
	new file:   module1/task2/practice2_eltex-pg1-v8_part1.log
	new file:   module1/task2/practice2_eltex-pg1-v8_part2.log

root@eltex-practice2-pg1-v8:~/eltex-2026-spring# git commit -m "organize module1 tasks correctly"
[main 6c9c548] organize module1 tasks correctly
 5 files changed, 3800 insertions(+)
 create mode 100644 module1/task1/eltex-pg1-v8_part.log
 create mode 100644 module1/task1/eltex-pg1-v8_part3.log
 create mode 100644 module1/task1/eltex-pg1-v8_part3_gt50M.log
 create mode 100644 module1/task2/practice2_eltex-pg1-v8_part1.log
 create mode 100644 module1/task2/practice2_eltex-pg1-v8_part2.log
root@eltex-practice2-pg1-v8:~/eltex-2026-spring# git push
Enumerating objects: 11, done.
Counting objects:   9% (1/11)Counting objects:  18% (2/11)Counting objects:  27% (3/11)Counting objects:  36% (4/11)Counting objects:  45% (5/11)Counting objects:  54% (6/11)Counting objects:  63% (7/11)Counting objects:  72% (8/11)Counting objects:  81% (9/11)Counting objects:  90% (10/11)Counting objects: 100% (11/11)Counting objects: 100% (11/11), done.
Delta compression using up to 2 threads
Compressing objects:  10% (1/10)Compressing objects:  20% (2/10)Compressing objects:  30% (3/10)Compressing objects:  40% (4/10)Compressing objects:  50% (5/10)Compressing objects:  60% (6/10)Compressing objects:  70% (7/10)Compressing objects:  80% (8/10)Compressing objects:  90% (9/10)Compressing objects: 100% (10/10)Compressing objects: 100% (10/10), done.
Writing objects:  10% (1/10)Writing objects:  20% (2/10)Writing objects:  30% (3/10)Writing objects:  40% (4/10)Writing objects:  50% (5/10)Writing objects:  60% (6/10)Writing objects:  70% (7/10)Writing objects:  80% (8/10)Writing objects:  90% (9/10)Writing objects: 100% (10/10)Writing objects: 100% (10/10), 38.87 KiB | 12.96 MiB/s, done.
Total 10 (delta 1), reused 0 (delta 0), pack-reused 0
remote: Resolving deltas:   0% (0/1)        remote: Resolving deltas: 100% (1/1)        remote: Resolving deltas: 100% (1/1), done.        
To https://github.com/Alexanderio1/eltex-2026-spring.git
   ada2cd8..6c9c548  main -> main
root@eltex-practice2-pg1-v8:~/eltex-2026-spring#                                                                                                                                                      root@eltex-practice2-pg1-v8:~/eltex-2026-spring#                                                                                                                                                       root@eltex-practice2-pg1-v8:~/eltex-2026-spring#                                                                                                                                                       root@eltex-practice2-pg1-v8:~/eltex-2026-spring#                                                                                                                                                       root@eltex-practice2-pg1-v8:~/eltex-2026-spring#                                                                                                                                                        root@eltex-practice2-pg1-v8:~/eltex-2026-spring#                                                                                                                                                        root@eltex-practice2-pg1-v8:~/eltex-2026-spring#                                                                                                                                                         root@eltex-practice2-pg1-v8:~/eltex-2026-spring#                                                                                                                                                         root@eltex-practice2-pg1-v8:~/eltex-2026-spring#                                                                                                                                                         root@eltex-practice2-pg1-v8:~/eltex-2026-spring#                                                                                                                                                         root@eltex-practice2-pg1-v8:~/eltex-2026-spring#                                                                                                                                                         root@eltex-practice2-pg1-v8:~/eltex-2026-spring#                                                                                                                                                         root@eltex-practice2-pg1-v8:~/eltex-2026-spring#                                                                                                                                                         root@eltex-practice2-pg1-v8:~/eltex-2026-spring#                                                                                                                                                         root@eltex-practice2-pg1-v8:~/eltex-2026-spring#                                                                                                                                                         root@eltex-practice2-pg1-v8:~/eltex-2026-spring#                                                                                                                                                         root@eltex-practice2-pg1-v8:~/eltex-2026-spring#                                                                                                                                                         root@eltex-practice2-pg1-v8:~/eltex-2026-spring#                                                                                                                                                        root@eltex-practice2-pg1-v8:~/eltex-2026-spring#                                                                                                                                                        root@eltex-practice2-pg1-v8:~/eltex-2026-spring#                                                                                                                                                       root@eltex-practice2-pg1-v8:~/eltex-2026-spring#                                                                                                                                                       root@eltex-practice2-pg1-v8:~/eltex-2026-spring#                                                                                                                                                      root@eltex-practice2-pg1-v8:~/eltex-2026-spring# git push        св  cd ~
root@eltex-practice2-pg1-v8:~# mkdir ~/eltex-2026-spring_clone
root@eltex-practice2-pg1-v8:~# cd ~/eltex-2026-spring_clone
root@eltex-practice2-pg1-v8:~/eltex-2026-spring_clone# git clone https://github.com/Alexanderio1/eltex-2026-spring.git .
Cloning into '.'...
remote: Enumerating objects: 13, done.        
remote: Counting objects:   7% (1/13)        remote: Counting objects:  15% (2/13)        remote: Counting objects:  23% (3/13)        remote: Counting objects:  30% (4/13)        remote: Counting objects:  38% (5/13)        remote: Counting objects:  46% (6/13)        remote: Counting objects:  53% (7/13)        remote: Counting objects:  61% (8/13)        remote: Counting objects:  69% (9/13)        remote: Counting objects:  76% (10/13)        remote: Counting objects:  84% (11/13)        remote: Counting objects:  92% (12/13)        remote: Counting objects: 100% (13/13)        remote: Counting objects: 100% (13/13), done.        
remote: Compressing objects:  10% (1/10)        remote: Compressing objects:  20% (2/10)        remote: Compressing objects:  30% (3/10)        remote: Compressing objects:  40% (4/10)        remote: Compressing objects:  50% (5/10)        remote: Compressing objects:  60% (6/10)        remote: Compressing objects:  70% (7/10)        remote: Compressing objects:  80% (8/10)        remote: Compressing objects:  90% (9/10)        remote: Compressing objects: 100% (10/10)        remote: Compressing objects: 100% (10/10), done.        
Receiving objects:   7% (1/13)Receiving objects:  15% (2/13)Receiving objects:  23% (3/13)Receiving objects:  30% (4/13)Receiving objects:  38% (5/13)Receiving objects:  46% (6/13)Receiving objects:  53% (7/13)Receiving objects:  61% (8/13)Receiving objects:  69% (9/13)Receiving objects:  76% (10/13)Receiving objects:  84% (11/13)remote: Total 13 (delta 1), reused 13 (delta 1), pack-reused 0 (from 0)        
Receiving objects:  92% (12/13)Receiving objects: 100% (13/13)Receiving objects: 100% (13/13), 39.07 KiB | 344.00 KiB/s, done.
Resolving deltas:   0% (0/1)Resolving deltas: 100% (1/1)Resolving deltas: 100% (1/1), done.
root@eltex-practice2-pg1-v8:~/eltex-2026-spring_clone# cd ~/eltex-2026-spring
root@eltex-practice2-pg1-v8:~/eltex-2026-spring# echo "" >> README.md
root@eltex-practice2-pg1-v8:~/eltex-2026-spring# echo "Updated during practice2 part3" >> README.md
root@eltex-practice2-pg1-v8:~/eltex-2026-spring# git add README.md
root@eltex-practice2-pg1-v8:~/eltex-2026-spring# git status
On branch main
Your branch is up to date with 'origin/main'.

Changes to be committed:
  (use "git restore --staged <file>..." to unstage)
	modified:   README.md

root@eltex-practice2-pg1-v8:~/eltex-2026-spring# git commit -m "update README from main repository"
[main ef7ad78] update README from main repository
 1 file changed, 2 insertions(+)
root@eltex-practice2-pg1-v8:~/eltex-2026-spring# git push
Enumerating objects: 5, done.
Counting objects:  20% (1/5)Counting objects:  40% (2/5)Counting objects:  60% (3/5)Counting objects:  80% (4/5)Counting objects: 100% (5/5)Counting objects: 100% (5/5), done.
Delta compression using up to 2 threads
Compressing objects:  33% (1/3)Compressing objects:  66% (2/3)Compressing objects: 100% (3/3)Compressing objects: 100% (3/3), done.
Writing objects:  33% (1/3)Writing objects:  66% (2/3)Writing objects: 100% (3/3)Writing objects: 100% (3/3), 353 bytes | 353.00 KiB/s, done.
Total 3 (delta 0), reused 0 (delta 0), pack-reused 0
To https://github.com/Alexanderio1/eltex-2026-spring.git
   6c9c548..ef7ad78  main -> main
root@eltex-practice2-pg1-v8:~/eltex-2026-spring# cd ~/eltex-2026-spring_clone
root@eltex-practice2-pg1-v8:~/eltex-2026-spring_clone# git fetch
remote: Enumerating objects: 5, done.        
remote: Counting objects:  20% (1/5)        remote: Counting objects:  40% (2/5)        remote: Counting objects:  60% (3/5)        remote: Counting objects:  80% (4/5)        remote: Counting objects: 100% (5/5)        remote: Counting objects: 100% (5/5), done.        
remote: Compressing objects:  33% (1/3)        remote: Compressing objects:  66% (2/3)        remote: Compressing objects: 100% (3/3)        remote: Compressing objects: 100% (3/3), done.        
Unpacking objects:  33% (1/3)Unpacking objects:  66% (2/3)Unpacking objects: 100% (3/3)Unpacking objects: 100% (3/3), 333 bytes | 333.00 KiB/s, done.
remote: Total 3 (delta 0), reused 3 (delta 0), pack-reused 0 (from 0)        
From https://github.com/Alexanderio1/eltex-2026-spring
   6c9c548..ef7ad78  main       -> origin/main
root@eltex-practice2-pg1-v8:~/eltex-2026-spring_clone# git log origin/main
commit ef7ad78334d6cbc96a6bf7b310f51fd8655d919c (origin/main, origin/HEAD)
Author: Alexanderio1 <kostolomov2005@gmail.com>
Date:   Tue Mar 31 17:30:01 2026 +0000

    update README from main repository

commit 6c9c5481181da16079221b8a269faa44c4b07b5a (HEAD -> main)
Author: Alexanderio1 <kostolomov2005@gmail.com>
Date:   Tue Mar 31 17:24:34 2026 +0000

    organize module1 tasks correctly

commit ada2cd885dbda8508c4ae8812a1780c60cbfcbc4
Author: Alexanderio1 <kostolomov2005@gmail.com>
Date:   Tue Mar 31 09:26:12 2026 +0000

    first commit
root@eltex-practice2-pg1-v8:~/eltex-2026-spring_clone# git diff main origin/main
diff --git a/README.md b/README.md
index 12930ad..cce2d74 100644
--- a/README.md
+++ b/README.md
@@ -1 +1,3 @@
 # eltex-2026-spring
+
+Updated during practice2 part3
root@eltex-practice2-pg1-v8:~/eltex-2026-spring_clone# git merge origin/main
Updating 6c9c548..ef7ad78
Fast-forward
 README.md | 2 ++
 1 file changed, 2 insertions(+)
root@eltex-practice2-pg1-v8:~/eltex-2026-spring_clone# pwd
/root/eltex-2026-spring_clone
root@eltex-practice2-pg1-v8:~/eltex-2026-spring_clone# git status
On branch main
Your branch is up to date with 'origin/main'.

nothing to commit, working tree clean
root@eltex-practice2-pg1-v8:~/eltex-2026-spring_clone# ls -R module1
module1:
task1  task2

module1/task1:
eltex-pg1-v8_part3_gt50M.log  eltex-pg1-v8_part3.log  eltex-pg1-v8_part.log

module1/task2:
practice2_eltex-pg1-v8_part1.log  practice2_eltex-pg1-v8_part2.log
root@eltex-practice2-pg1-v8:~/eltex-2026-spring_clone# exit
exit
