Script started on 2026-03-26 19:22:33+00:00 [TERM="xterm-256color" TTY="/dev/pts/0" COLUMNS="122" LINES="30"]
root@eltex-practice2-pg1-v8:~# unalias -a 2>/dev/nullunalias -a 2>/dev/null
root@eltex-practice2-pg1-v8:~# export TERM=dumbexport TERM=dumb
root@eltex-practice2-pg1-v8:~# export NO_COLOR=1
root@eltex-practice2-pg1-v8:~# unset PROMPT_COMMAND
root@eltex-practice2-pg1-v8:~# boot_start=$(journalctl -b --no-pager -o short-unix | awk 'NR==1{print int($1); exit}')
root@eltex-practice2-pg1-v8:~# boot_end=$((boot_start+20))
root@eltex-practice2-pg1-v8:~# echo "BOOT_START=@$boot_start"
BOOT_START=@1773304053
root@eltex-practice2-pg1-v8:~# echo "BOOT_END=@$boot_end"
BOOT_END=@1773304073
root@eltex-practice2-pg1-v8:~# journalctl -b --no-pager -o short-unix --since "@$boot_start" --until "@$boot_end"
1773304053.037944 localhost kernel: Linux version 6.8.0-55-generic (buildd@lcy02-amd64-095) (x86_64-linux-gnu-gcc-13 (Ubuntu 13.3.0-6ubuntu2~24.04) 13.3.0, GNU ld (GNU Binutils for Ubuntu) 2.42) #57-Ubuntu SMP PREEMPT_DYNAMIC Wed Feb 12 23:42:21 UTC 2025 (Ubuntu 6.8.0-55.57-generic 6.8.12)
1773304053.037986 localhost kernel: Command line: BOOT_IMAGE=/vmlinuz-6.8.0-55-generic root=/dev/mapper/ubuntu--vg-ubuntu--lv ro
1773304053.038004 localhost kernel: KERNEL supported cpus:
1773304053.038018 localhost kernel:   Intel GenuineIntel
1773304053.038031 localhost kernel:   AMD AuthenticAMD
1773304053.038049 localhost kernel:   Hygon HygonGenuine
1773304053.038065 localhost kernel:   Centaur CentaurHauls
1773304053.038078 localhost kernel:   zhaoxin   Shanghai  
1773304053.038092 localhost kernel: BIOS-provided physical RAM map:
1773304053.038106 localhost kernel: BIOS-e820: [mem 0x0000000000000000-0x000000000009fbff] usable
1773304053.038120 localhost kernel: BIOS-e820: [mem 0x000000000009fc00-0x000000000009ffff] reserved
1773304053.038134 localhost kernel: BIOS-e820: [mem 0x00000000000f0000-0x00000000000fffff] reserved
1773304053.038148 localhost kernel: BIOS-e820: [mem 0x0000000000100000-0x00000000bffd9fff] usable
1773304053.038162 localhost kernel: BIOS-e820: [mem 0x00000000bffda000-0x00000000bfffffff] reserved
1773304053.038178 localhost kernel: BIOS-e820: [mem 0x00000000feffc000-0x00000000feffffff] reserved
1773304053.038199 localhost kernel: BIOS-e820: [mem 0x00000000fffc0000-0x00000000ffffffff] reserved
1773304053.038214 localhost kernel: BIOS-e820: [mem 0x0000000100000000-0x000000013fffffff] usable
1773304053.038234 localhost kernel: BIOS-e820: [mem 0x000000fd00000000-0x000000ffffffffff] reserved
1773304053.038245 localhost kernel: NX (Execute Disable) protection: active
1773304053.038253 localhost kernel: APIC: Static calls initialized
1773304053.038260 localhost kernel: SMBIOS 2.8 present.
1773304053.038268 localhost kernel: DMI: QEMU Standard PC (i440FX + PIIX, 1996), BIOS rel-1.17.0-0-gb52ca86e094d-prebuilt.qemu.org 04/01/2014
1773304053.038277 localhost kernel: Hypervisor detected: KVM
1773304053.038287 localhost kernel: kvm-clock: Using msrs 4b564d01 and 4b564d00
1773304053.038301 localhost kernel: kvm-clock: using sched offset of 1158513209249 cycles
1773304053.038316 localhost kernel: clocksource: kvm-clock: mask: 0xffffffffffffffff max_cycles: 0x1cd42e4dffb, max_idle_ns: 881590591483 ns
1773304053.038330 localhost kernel: tsc: Detected 3400.000 MHz processor
1773304053.038344 localhost kernel: e820: update [mem 0x00000000-0x00000fff] usable ==> reserved
1773304053.038357 localhost kernel: e820: remove [mem 0x000a0000-0x000fffff] usable
1773304053.038368 localhost kernel: AGP: No AGP bridge found
1773304053.038375 localhost kernel: last_pfn = 0x140000 max_arch_pfn = 0x400000000
1773304053.038382 localhost kernel: MTRR map: 4 entries (3 fixed + 1 variable; max 19), built from 8 variable MTRRs
1773304053.038389 localhost kernel: x86/PAT: Configuration [0-7]: WB  WC  UC- UC  WB  WP  UC- WT  
1773304053.038396 localhost kernel: last_pfn = 0xbffda max_arch_pfn = 0x400000000
1773304053.038402 localhost kernel: found SMP MP-table at [mem 0x000f5490-0x000f549f]
1773304053.038409 localhost kernel: RAMDISK: [mem 0x2fccd000-0x33e5dfff]
1773304053.038416 localhost kernel: ACPI: Early table checksum verification disabled
1773304053.038422 localhost kernel: ACPI: RSDP 0x00000000000F5290 000014 (v00 BOCHS )
1773304053.038429 localhost kernel: ACPI: RSDT 0x00000000BFFE3B5F 000034 (v01 BOCHS  BXPC     00000001 BXPC 00000001)
1773304053.038436 localhost kernel: ACPI: FACP 0x00000000BFFE3979 000074 (v01 BOCHS  BXPC     00000001 BXPC 00000001)
1773304053.038446 localhost kernel: ACPI: DSDT 0x00000000BFFDF040 004939 (v01 BOCHS  BXPC     00000001 BXPC 00000001)
1773304053.038453 localhost kernel: ACPI: FACS 0x00000000BFFDF000 000040
1773304053.038464 localhost kernel: ACPI: APIC 0x00000000BFFE39ED 000080 (v03 BOCHS  BXPC     00000001 BXPC 00000001)
1773304053.038478 localhost kernel: ACPI: SSDT 0x00000000BFFE3A6D 0000CA (v01 BOCHS  VMGENID  00000001 BXPC 00000001)
1773304053.038496 localhost kernel: ACPI: WAET 0x00000000BFFE3B37 000028 (v01 BOCHS  BXPC     00000001 BXPC 00000001)
1773304053.038512 localhost kernel: ACPI: Reserving FACP table memory at [mem 0xbffe3979-0xbffe39ec]
1773304053.038526 localhost kernel: ACPI: Reserving DSDT table memory at [mem 0xbffdf040-0xbffe3978]
1773304053.038541 localhost kernel: ACPI: Reserving FACS table memory at [mem 0xbffdf000-0xbffdf03f]
1773304053.038552 localhost kernel: ACPI: Reserving APIC table memory at [mem 0xbffe39ed-0xbffe3a6c]
1773304053.038559 localhost kernel: ACPI: Reserving SSDT table memory at [mem 0xbffe3a6d-0xbffe3b36]
1773304053.038566 localhost kernel: ACPI: Reserving WAET table memory at [mem 0xbffe3b37-0xbffe3b5e]
1773304053.038573 localhost kernel: No NUMA configuration found
1773304053.038580 localhost kernel: Faking a node at [mem 0x0000000000000000-0x000000013fffffff]
1773304053.038587 localhost kernel: NODE_DATA(0) allocated [mem 0x13ffd5000-0x13fffffff]
1773304053.038595 localhost kernel: Zone ranges:
1773304053.038607 localhost kernel:   DMA      [mem 0x0000000000001000-0x0000000000ffffff]
1773304053.038614 localhost kernel:   DMA32    [mem 0x0000000001000000-0x00000000ffffffff]
1773304053.038623 localhost kernel:   Normal   [mem 0x0000000100000000-0x000000013fffffff]
1773304053.038631 localhost kernel:   Device   empty
1773304053.038641 localhost kernel: Movable zone start for each node
1773304053.038655 localhost kernel: Early memory node ranges
1773304053.038669 localhost kernel:   node   0: [mem 0x0000000000001000-0x000000000009efff]
1773304053.038684 localhost kernel:   node   0: [mem 0x0000000000100000-0x00000000bffd9fff]
1773304053.038698 localhost kernel:   node   0: [mem 0x0000000100000000-0x000000013fffffff]
1773304053.038713 localhost kernel: Initmem setup node 0 [mem 0x0000000000001000-0x000000013fffffff]
1773304053.038726 localhost kernel: On node 0, zone DMA: 1 pages in unavailable ranges
1773304053.038738 localhost kernel: On node 0, zone DMA: 97 pages in unavailable ranges
1773304053.038750 localhost kernel: On node 0, zone Normal: 38 pages in unavailable ranges
1773304053.038758 localhost kernel: ACPI: PM-Timer IO Port: 0x608
1773304053.038764 localhost kernel: ACPI: LAPIC_NMI (acpi_id[0xff] dfl dfl lint[0x1])
1773304053.038771 localhost kernel: IOAPIC[0]: apic_id 0, version 17, address 0xfec00000, GSI 0-23
1773304053.038779 localhost kernel: ACPI: INT_SRC_OVR (bus 0 bus_irq 0 global_irq 2 dfl dfl)
1773304053.038812 localhost kernel: ACPI: INT_SRC_OVR (bus 0 bus_irq 5 global_irq 5 high level)
1773304053.038823 localhost kernel: ACPI: INT_SRC_OVR (bus 0 bus_irq 9 global_irq 9 high level)
1773304053.038830 localhost kernel: ACPI: INT_SRC_OVR (bus 0 bus_irq 10 global_irq 10 high level)
1773304053.038837 localhost kernel: ACPI: INT_SRC_OVR (bus 0 bus_irq 11 global_irq 11 high level)
1773304053.038845 localhost kernel: ACPI: Using ACPI (MADT) for SMP configuration information
1773304053.038852 localhost kernel: smpboot: Allowing 2 CPUs, 0 hotplug CPUs
1773304053.038859 localhost kernel: kvm-guest: APIC: eoi() replaced with kvm_guest_apic_eoi_write()
1773304053.038870 localhost kernel: PM: hibernation: Registered nosave memory: [mem 0x00000000-0x00000fff]
1773304053.038878 localhost kernel: PM: hibernation: Registered nosave memory: [mem 0x0009f000-0x0009ffff]
1773304053.038886 localhost kernel: PM: hibernation: Registered nosave memory: [mem 0x000a0000-0x000effff]
1773304053.038898 localhost kernel: PM: hibernation: Registered nosave memory: [mem 0x000f0000-0x000fffff]
1773304053.038912 localhost kernel: PM: hibernation: Registered nosave memory: [mem 0xbffda000-0xbfffffff]
1773304053.038926 localhost kernel: PM: hibernation: Registered nosave memory: [mem 0xc0000000-0xfeffbfff]
1773304053.038941 localhost kernel: PM: hibernation: Registered nosave memory: [mem 0xfeffc000-0xfeffffff]
1773304053.038956 localhost kernel: PM: hibernation: Registered nosave memory: [mem 0xff000000-0xfffbffff]
1773304053.038970 localhost kernel: PM: hibernation: Registered nosave memory: [mem 0xfffc0000-0xffffffff]
1773304053.038983 localhost kernel: [mem 0xc0000000-0xfeffbfff] available for PCI devices
1773304053.038990 localhost kernel: Booting paravirtualized kernel on KVM
1773304053.039003 localhost kernel: clocksource: refined-jiffies: mask: 0xffffffff max_cycles: 0xffffffff, max_idle_ns: 1910969940391419 ns
1773304053.039017 localhost kernel: setup_percpu: NR_CPUS:8192 nr_cpumask_bits:2 nr_cpu_ids:2 nr_node_ids:1
1773304053.039032 localhost kernel: percpu: Embedded 86 pages/cpu s229376 r8192 d114688 u1048576
1773304053.039047 localhost kernel: pcpu-alloc: s229376 r8192 d114688 u1048576 alloc=1*2097152
1773304053.039061 localhost kernel: pcpu-alloc: [0] 0 1 
1773304053.039076 localhost kernel: kvm-guest: PV spinlocks enabled
1773304053.039087 localhost kernel: PV qspinlock hash table entries: 256 (order: 0, 4096 bytes, linear)
1773304053.039097 localhost kernel: Kernel command line: BOOT_IMAGE=/vmlinuz-6.8.0-55-generic root=/dev/mapper/ubuntu--vg-ubuntu--lv ro
1773304053.039106 localhost kernel: Unknown kernel command line parameters "BOOT_IMAGE=/vmlinuz-6.8.0-55-generic", will be passed to user space.
1773304053.039114 localhost kernel: Dentry cache hash table entries: 524288 (order: 10, 4194304 bytes, linear)
1773304053.039121 localhost kernel: Inode-cache hash table entries: 262144 (order: 9, 2097152 bytes, linear)
1773304053.039133 localhost kernel: Fallback order for Node 0: 0 
1773304053.039141 localhost kernel: Built 1 zonelists, mobility grouping on.  Total pages: 1031898
1773304053.039148 localhost kernel: Policy zone: Normal
1773304053.039156 localhost kernel: mem auto-init: stack:all(zero), heap alloc:on, heap free:off
1773304053.039167 localhost kernel: AGP: Checking aperture...
1773304053.039181 localhost kernel: AGP: No AGP bridge found
1773304053.039195 localhost kernel: software IO TLB: area num 2.
1773304053.039210 localhost kernel: Memory: 3933500K/4193760K available (22528K kernel code, 4443K rwdata, 14344K rodata, 4988K init, 4716K bss, 260000K reserved, 0K cma-reserved)
1773304053.039233 localhost kernel: SLUB: HWalign=64, Order=0-3, MinObjects=0, CPUs=2, Nodes=1
1773304053.039248 localhost kernel: ftrace: allocating 58006 entries in 227 pages
1773304053.039262 localhost kernel: ftrace: allocated 227 pages with 5 groups
1773304053.039276 localhost kernel: Dynamic Preempt: voluntary
1773304053.039293 localhost kernel: rcu: Preemptible hierarchical RCU implementation.
1773304053.039305 localhost kernel: rcu:         RCU restricting CPUs from NR_CPUS=8192 to nr_cpu_ids=2.
1773304053.039312 localhost kernel:         Trampoline variant of Tasks RCU enabled.
1773304053.039323 localhost kernel:         Rude variant of Tasks RCU enabled.
1773304053.039338 localhost kernel:         Tracing variant of Tasks RCU enabled.
1773304053.039360 localhost kernel: rcu: RCU calculated value of scheduler-enlistment delay is 100 jiffies.
1773304053.039374 localhost kernel: rcu: Adjusting geometry for rcu_fanout_leaf=16, nr_cpu_ids=2
1773304053.039388 localhost kernel: NR_IRQS: 524544, nr_irqs: 440, preallocated irqs: 16
1773304053.039395 localhost kernel: rcu: srcu_init: Setting srcu_struct sizes based on contention.
1773304053.039402 localhost kernel: Console: colour dummy device 80x25
1773304053.039409 localhost kernel: printk: legacy console [tty0] enabled
1773304053.039416 localhost kernel: ACPI: Core revision 20230628
1773304053.039423 localhost kernel: APIC: Switch to symmetric I/O mode setup
1773304053.039432 localhost kernel: x2apic enabled
1773304053.039439 localhost kernel: APIC: Switched APIC routing to: physical x2apic
1773304053.039445 localhost kernel: ..TIMER: vector=0x30 apic1=0 pin1=2 apic2=-1 pin2=-1
1773304053.039452 localhost kernel: tsc: Marking TSC unstable due to TSCs unsynchronized
1773304053.039460 localhost kernel: Calibrating delay loop (skipped) preset value.. 6800.00 BogoMIPS (lpj=3400000)
1773304053.039467 localhost kernel: process: using AMD E400 aware idle routine
1773304053.039474 localhost kernel: Last level iTLB entries: 4KB 512, 2MB 255, 4MB 127
1773304053.039481 localhost kernel: Last level dTLB entries: 4KB 512, 2MB 255, 4MB 127, 1GB 0
1773304053.039491 localhost kernel: Spectre V1 : Mitigation: usercopy/swapgs barriers and __user pointer sanitization
1773304053.039508 localhost kernel: Spectre V2 : Mitigation: Retpolines
1773304053.039523 localhost kernel: Spectre V2 : Spectre v2 / SpectreRSB mitigation: Filling RSB on context switch
1773304053.039537 localhost kernel: Spectre V2 : Spectre v2 / SpectreRSB : Filling RSB on VMEXIT
1773304053.039552 localhost kernel: x86/fpu: x87 FPU will use FXSAVE
1773304053.039566 localhost kernel: Freeing SMP alternatives memory: 48K
1773304053.039577 localhost kernel: pid_max: default: 32768 minimum: 301
1773304053.039585 localhost kernel: LSM: initializing lsm=lockdown,capability,landlock,yama,apparmor,integrity
1773304053.039592 localhost kernel: landlock: Up and running.
1773304053.039600 localhost kernel: Yama: becoming mindful.
1773304053.039607 localhost kernel: AppArmor: AppArmor initialized
1773304053.039615 localhost kernel: Mount-cache hash table entries: 8192 (order: 4, 65536 bytes, linear)
1773304053.039623 localhost kernel: Mountpoint-cache hash table entries: 8192 (order: 4, 65536 bytes, linear)
1773304053.039634 localhost kernel: smpboot: CPU0: AMD QEMU Virtual CPU version 2.5+ (family: 0xf, model: 0x6b, stepping: 0x1)
1773304053.039642 localhost kernel: RCU Tasks: Setting shift to 1 and lim to 1 rcu_task_cb_adjust=1 rcu_task_cpu_ids=2.
1773304053.039653 localhost kernel: RCU Tasks Rude: Setting shift to 1 and lim to 1 rcu_task_cb_adjust=1 rcu_task_cpu_ids=2.
1773304053.039667 localhost kernel: RCU Tasks Trace: Setting shift to 1 and lim to 1 rcu_task_cb_adjust=1 rcu_task_cpu_ids=2.
1773304053.039684 localhost kernel: Performance Events: AMD PMU driver.
1773304053.039699 localhost kernel: ... version:                0
1773304053.039712 localhost kernel: ... bit width:              48
1773304053.039726 localhost kernel: ... generic registers:      4
1773304053.039740 localhost kernel: ... value mask:             0000ffffffffffff
1773304053.039754 localhost kernel: ... max period:             00007fffffffffff
1773304053.039768 localhost kernel: ... fixed-purpose events:   0
1773304053.039783 localhost kernel: ... event mask:             000000000000000f
1773304053.040846 localhost kernel: signal: max sigframe size: 1440
1773304053.040858 localhost kernel: rcu: Hierarchical SRCU implementation.
1773304053.040866 localhost kernel: rcu:         Max phase no-delay instances is 400.
1773304053.040876 localhost kernel: smp: Bringing up secondary CPUs ...
1773304053.040890 localhost kernel: smpboot: x86: Booting SMP configuration:
1773304053.040904 localhost kernel: .... node  #0, CPUs:      #1
1773304053.040918 localhost kernel: smp: Brought up 1 node, 2 CPUs
1773304053.040932 localhost kernel: smpboot: Max logical packages: 1
1773304053.040946 localhost kernel: smpboot: Total of 2 processors activated (13600.00 BogoMIPS)
1773304053.040960 localhost kernel: devtmpfs: initialized
1773304053.040969 localhost kernel: x86/mm: Memory block size: 128MB
1773304053.040977 localhost kernel: clocksource: jiffies: mask: 0xffffffff max_cycles: 0xffffffff, max_idle_ns: 1911260446275000 ns
1773304053.040989 localhost kernel: futex hash table entries: 512 (order: 3, 32768 bytes, linear)
1773304053.041000 localhost kernel: pinctrl core: initialized pinctrl subsystem
1773304053.041008 localhost kernel: PM: RTC time: 08:27:12, date: 2026-03-12
1773304053.041015 localhost kernel: NET: Registered PF_NETLINK/PF_ROUTE protocol family
1773304053.041022 localhost kernel: DMA: preallocated 512 KiB GFP_KERNEL pool for atomic allocations
1773304053.041033 localhost kernel: DMA: preallocated 512 KiB GFP_KERNEL|GFP_DMA pool for atomic allocations
1773304053.041047 localhost kernel: DMA: preallocated 512 KiB GFP_KERNEL|GFP_DMA32 pool for atomic allocations
1773304053.041061 localhost kernel: audit: initializing netlink subsys (disabled)
1773304053.041076 localhost kernel: thermal_sys: Registered thermal governor 'fair_share'
1773304053.041089 localhost kernel: thermal_sys: Registered thermal governor 'bang_bang'
1773304053.041103 localhost kernel: thermal_sys: Registered thermal governor 'step_wise'
1773304053.041117 localhost kernel: thermal_sys: Registered thermal governor 'user_space'
1773304053.041135 localhost kernel: thermal_sys: Registered thermal governor 'power_allocator'
1773304053.041145 localhost kernel: EISA bus registered
1773304053.041153 localhost kernel: audit: type=2000 audit(1773304032.844:1): state=initialized audit_enabled=0 res=1
1773304053.041161 localhost kernel: cpuidle: using governor ladder
1773304053.041175 localhost kernel: cpuidle: using governor menu
1773304053.041188 localhost kernel: acpiphp: ACPI Hot Plug PCI Controller Driver version: 0.5
1773304053.041202 localhost kernel: PCI: Using configuration type 1 for base access
1773304053.041217 localhost kernel: kprobes: kprobe jump-optimization is enabled. All kprobes are optimized if possible.
1773304053.041263 localhost kernel: HugeTLB: registered 2.00 MiB page size, pre-allocated 0 pages
1773304053.041272 localhost kernel: HugeTLB: 28 KiB vmemmap can be freed for a 2.00 MiB page
1773304053.041281 localhost kernel: fbcon: Taking over console
1773304053.041287 localhost kernel: ACPI: Added _OSI(Module Device)
1773304053.041297 localhost kernel: ACPI: Added _OSI(Processor Device)
1773304053.041303 localhost kernel: ACPI: Added _OSI(3.0 _SCP Extensions)
1773304053.041310 localhost kernel: ACPI: Added _OSI(Processor Aggregator Device)
1773304053.041317 localhost kernel: ACPI: 2 ACPI AML tables successfully acquired and loaded
1773304053.041324 localhost kernel: ACPI: _OSC evaluation for CPUs failed, trying _PDC
1773304053.041331 localhost kernel: ACPI: Interpreter enabled
1773304053.041338 localhost kernel: ACPI: PM: (supports S0 S5)
1773304053.041349 localhost kernel: ACPI: Using IOAPIC for interrupt routing
1773304053.041363 localhost kernel: PCI: Using host bridge windows from ACPI; if necessary, use "pci=nocrs" and report a bug
1773304053.041377 localhost kernel: PCI: Using E820 reservations for host bridge windows
1773304053.041391 localhost kernel: ACPI: Enabled 3 GPEs in block 00 to 0F
1773304053.041405 localhost kernel: ACPI: PCI Root Bridge [PCI0] (domain 0000 [bus 00-ff])
1773304053.041634 localhost kernel: acpi PNP0A03:00: _OSC: OS supports [ASPM ClockPM Segments MSI EDR HPX-Type3]
1773304053.041782 localhost kernel: acpi PNP0A03:00: _OSC: not requesting OS control; OS requires [ExtendedConfig ASPM ClockPM MSI]
1773304053.041904 localhost kernel: acpi PNP0A03:00: fail to add MMCONFIG information, can't access extended configuration space under this bridge
1773304053.041925 localhost kernel: acpiphp: Slot [3] registered
1773304053.041939 localhost kernel: acpiphp: Slot [8] registered
1773304053.041953 localhost kernel: acpiphp: Slot [18] registered
1773304053.041965 localhost kernel: acpiphp: Slot [4] registered
1773304053.041977 localhost kernel: acpiphp: Slot [6] registered
1773304053.041991 localhost kernel: acpiphp: Slot [7] registered
1773304053.042003 localhost kernel: acpiphp: Slot [9] registered
1773304053.042015 localhost kernel: acpiphp: Slot [10] registered
1773304053.042023 localhost kernel: acpiphp: Slot [11] registered
1773304053.042034 localhost kernel: acpiphp: Slot [12] registered
1773304053.042047 localhost kernel: acpiphp: Slot [13] registered
1773304053.042062 localhost kernel: acpiphp: Slot [14] registered
1773304053.042077 localhost kernel: acpiphp: Slot [15] registered
1773304053.042091 localhost kernel: acpiphp: Slot [16] registered
1773304053.042106 localhost kernel: acpiphp: Slot [17] registered
1773304053.042120 localhost kernel: acpiphp: Slot [19] registered
1773304053.042134 localhost kernel: acpiphp: Slot [20] registered
1773304053.042143 localhost kernel: acpiphp: Slot [21] registered
1773304053.042150 localhost kernel: acpiphp: Slot [22] registered
1773304053.042161 localhost kernel: acpiphp: Slot [23] registered
1773304053.042167 localhost kernel: acpiphp: Slot [24] registered
1773304053.042177 localhost kernel: acpiphp: Slot [25] registered
1773304053.042184 localhost kernel: acpiphp: Slot [26] registered
1773304053.042190 localhost kernel: acpiphp: Slot [27] registered
1773304053.042197 localhost kernel: acpiphp: Slot [28] registered
1773304053.042204 localhost kernel: acpiphp: Slot [29] registered
1773304053.042210 localhost kernel: PCI host bridge to bus 0000:00
1773304053.042354 localhost kernel: pci_bus 0000:00: root bus resource [io  0x0000-0x0cf7 window]
1773304053.042464 localhost kernel: pci_bus 0000:00: root bus resource [io  0x0d00-0xffff window]
1773304053.042589 localhost kernel: pci_bus 0000:00: root bus resource [mem 0x000a0000-0x000bffff window]
1773304053.043522 localhost kernel: pci_bus 0000:00: root bus resource [mem 0xc0000000-0xfebfffff window]
1773304053.043641 localhost kernel: pci_bus 0000:00: root bus resource [mem 0xc000000000-0xc0a000bfff window]
1773304053.043761 localhost kernel: pci_bus 0000:00: root bus resource [bus 00-ff]
1773304053.043937 localhost kernel: pci 0000:00:00.0: [8086:1237] type 00 class 0x060000 conventional PCI endpoint
1773304053.044090 localhost kernel: pci 0000:00:01.0: [8086:7000] type 00 class 0x060100 conventional PCI endpoint
1773304053.044230 localhost kernel: pci 0000:00:01.1: [8086:7010] type 00 class 0x010180 conventional PCI endpoint
1773304053.044627 localhost kernel: pci 0000:00:01.1: BAR 4 [io  0xf0e0-0xf0ef]
1773304053.044762 localhost kernel: pci 0000:00:01.1: BAR 0 [io  0x01f0-0x01f7]: legacy IDE quirk
1773304053.044935 localhost kernel: pci 0000:00:01.1: BAR 1 [io  0x03f6]: legacy IDE quirk
1773304053.045078 localhost kernel: pci 0000:00:01.1: BAR 2 [io  0x0170-0x0177]: legacy IDE quirk
1773304053.045185 localhost kernel: pci 0000:00:01.1: BAR 3 [io  0x0376]: legacy IDE quirk
1773304053.045406 localhost kernel: pci 0000:00:01.2: [8086:7020] type 00 class 0x0c0300 conventional PCI endpoint
1773304053.045549 localhost kernel: pci 0000:00:01.2: BAR 4 [io  0xf0c0-0xf0df]
1773304053.046192 localhost kernel: pci 0000:00:01.3: [8086:7113] type 00 class 0x068000 conventional PCI endpoint
1773304053.046421 localhost kernel: pci 0000:00:01.3: quirk: [io  0x0600-0x063f] claimed by PIIX4 ACPI
1773304053.046542 localhost kernel: pci 0000:00:01.3: quirk: [io  0x0700-0x070f] claimed by PIIX4 SMB
1773304053.046672 localhost kernel: pci 0000:00:02.0: [1234:1111] type 00 class 0x030000 conventional PCI endpoint
1773304053.046825 localhost kernel: pci 0000:00:02.0: BAR 0 [mem 0xfd000000-0xfdffffff pref]
1773304053.046969 localhost kernel: pci 0000:00:02.0: BAR 2 [mem 0xfea50000-0xfea50fff]
1773304053.047092 localhost kernel: pci 0000:00:02.0: ROM [mem 0xfea40000-0xfea4ffff pref]
1773304053.047218 localhost kernel: pci 0000:00:02.0: Video device with shadowed ROM at [mem 0x000c0000-0x000dffff]
1773304053.047408 localhost kernel: pci 0000:00:03.0: [1af4:1002] type 00 class 0x00ff00 conventional PCI endpoint
1773304053.047508 localhost kernel: pci 0000:00:03.0: BAR 0 [io  0xf000-0xf03f]
1773304053.047649 localhost kernel: pci 0000:00:03.0: BAR 1 [mem 0xfea51000-0xfea51fff]
1773304053.047875 localhost kernel: pci 0000:00:03.0: BAR 4 [mem 0xc0a0000000-0xc0a0003fff 64bit pref]
1773304053.048029 localhost kernel: pci 0000:00:05.0: [1b36:0001] type 01 class 0x060400 conventional PCI bridge
1773304053.048156 localhost kernel: pci 0000:00:05.0: BAR 0 [mem 0xc000000000-0xc0000000ff 64bit]
1773304053.048305 localhost kernel: pci 0000:00:05.0: PCI bridge to [bus 01]
1773304053.048441 localhost kernel: pci 0000:00:05.0:   bridge window [io  0xe000-0xefff]
1773304053.048562 localhost kernel: pci 0000:00:05.0:   bridge window [mem 0xfe800000-0xfe9fffff]
1773304053.048686 localhost kernel: pci 0000:00:05.0:   bridge window [mem 0xc080000000-0xc09fffffff 64bit pref]
1773304053.048850 localhost kernel: pci 0000:00:08.0: [1af4:1003] type 00 class 0x078000 conventional PCI endpoint
1773304053.048994 localhost kernel: pci 0000:00:08.0: BAR 0 [io  0xf040-0xf07f]
1773304053.049119 localhost kernel: pci 0000:00:08.0: BAR 1 [mem 0xfea52000-0xfea52fff]
1773304053.049257 localhost kernel: pci 0000:00:08.0: BAR 4 [mem 0xc0a0004000-0xc0a0007fff 64bit pref]
1773304053.049381 localhost kernel: pci 0000:00:12.0: [1af4:1000] type 00 class 0x020000 conventional PCI endpoint
1773304053.049506 localhost kernel: pci 0000:00:12.0: BAR 0 [io  0xf080-0xf0bf]
1773304053.049627 localhost kernel: pci 0000:00:12.0: BAR 1 [mem 0xfea53000-0xfea53fff]
1773304053.049757 localhost kernel: pci 0000:00:12.0: BAR 4 [mem 0xc0a0008000-0xc0a000bfff 64bit pref]
1773304053.049907 localhost kernel: pci 0000:00:12.0: ROM [mem 0xfea00000-0xfea3ffff pref]
1773304053.050042 localhost kernel: pci 0000:00:1e.0: [1b36:0001] type 01 class 0x060400 conventional PCI bridge
1773304053.050187 localhost kernel: pci 0000:00:1e.0: BAR 0 [mem 0xc000001000-0xc0000010ff 64bit]
1773304053.050317 localhost kernel: pci 0000:00:1e.0: PCI bridge to [bus 02]
1773304053.050453 localhost kernel: pci 0000:00:1e.0:   bridge window [io  0xd000-0xdfff]
1773304053.050581 localhost kernel: pci 0000:00:1e.0:   bridge window [mem 0xfe600000-0xfe7fffff]
1773304053.050679 localhost kernel: pci 0000:00:1e.0:   bridge window [mem 0xc060000000-0xc07fffffff 64bit pref]
1773304053.051878 localhost kernel: pci 0000:00:1f.0: [1b36:0001] type 01 class 0x060400 conventional PCI bridge
1773304053.052020 localhost kernel: pci 0000:00:1f.0: BAR 0 [mem 0xc000002000-0xc0000020ff 64bit]
1773304053.052170 localhost kernel: pci 0000:00:1f.0: PCI bridge to [bus 03]
1773304053.052296 localhost kernel: pci 0000:00:1f.0:   bridge window [io  0xc000-0xcfff]
1773304053.052521 localhost kernel: pci 0000:00:1f.0:   bridge window [mem 0xfe400000-0xfe5fffff]
1773304053.052631 localhost kernel: pci 0000:00:1f.0:   bridge window [mem 0xc040000000-0xc05fffffff 64bit pref]
1773304053.052770 localhost kernel: pci_bus 0000:01: extended config space not accessible
1773304053.053818 localhost kernel: acpiphp: Slot [1-2] registered
1773304053.053838 localhost kernel: acpiphp: Slot [0] registered
1773304053.053852 localhost kernel: acpiphp: Slot [2] registered
1773304053.053868 localhost kernel: acpiphp: Slot [3-2] registered
1773304053.053883 localhost kernel: acpiphp: Slot [4-2] registered
1773304053.053895 localhost kernel: acpiphp: Slot [5] registered
1773304053.053905 localhost kernel: acpiphp: Slot [6-2] registered
1773304053.053913 localhost kernel: acpiphp: Slot [7-2] registered
1773304053.053920 localhost kernel: acpiphp: Slot [8-2] registered
1773304053.053928 localhost kernel: acpiphp: Slot [9-2] registered
1773304053.053937 localhost kernel: acpiphp: Slot [10-2] registered
1773304053.053944 localhost kernel: acpiphp: Slot [11-2] registered
1773304053.053956 localhost kernel: acpiphp: Slot [12-2] registered
1773304053.053965 localhost kernel: acpiphp: Slot [13-2] registered
1773304053.053978 localhost kernel: acpiphp: Slot [14-2] registered
1773304053.053992 localhost kernel: acpiphp: Slot [15-2] registered
1773304053.054006 localhost kernel: acpiphp: Slot [16-2] registered
1773304053.054021 localhost kernel: acpiphp: Slot [17-2] registered
1773304053.054034 localhost kernel: acpiphp: Slot [18-2] registered
1773304053.054049 localhost kernel: acpiphp: Slot [19-2] registered
1773304053.054063 localhost kernel: acpiphp: Slot [20-2] registered
1773304053.054078 localhost kernel: acpiphp: Slot [21-2] registered
1773304053.054092 localhost kernel: acpiphp: Slot [22-2] registered
1773304053.054105 localhost kernel: acpiphp: Slot [23-2] registered
1773304053.054120 localhost kernel: acpiphp: Slot [24-2] registered
1773304053.054138 localhost kernel: acpiphp: Slot [25-2] registered
1773304053.054152 localhost kernel: acpiphp: Slot [26-2] registered
1773304053.054162 localhost kernel: acpiphp: Slot [27-2] registered
1773304053.054170 localhost kernel: acpiphp: Slot [28-2] registered
1773304053.054178 localhost kernel: acpiphp: Slot [29-2] registered
1773304053.054185 localhost kernel: acpiphp: Slot [30] registered
1773304053.054196 localhost kernel: acpiphp: Slot [31] registered
1773304053.054373 localhost kernel: pci 0000:01:01.0: [1af4:1004] type 00 class 0x010000 conventional PCI endpoint
1773304053.054498 localhost kernel: pci 0000:01:01.0: BAR 0 [io  0xe000-0xe03f]
1773304053.054654 localhost kernel: pci 0000:01:01.0: BAR 1 [mem 0xfe800000-0xfe800fff]
1773304053.054810 localhost kernel: pci 0000:01:01.0: BAR 4 [mem 0xc080000000-0xc080003fff 64bit pref]
1773304053.054914 localhost kernel: pci 0000:00:05.0: PCI bridge to [bus 01]
1773304053.055008 localhost kernel: pci_bus 0000:02: extended config space not accessible
1773304053.055025 localhost kernel: acpiphp: Slot [0-2] registered
1773304053.055041 localhost kernel: acpiphp: Slot [1-3] registered
1773304053.055055 localhost kernel: acpiphp: Slot [2-2] registered
1773304053.055068 localhost kernel: acpiphp: Slot [3-3] registered
1773304053.055077 localhost kernel: acpiphp: Slot [4-3] registered
1773304053.055085 localhost kernel: acpiphp: Slot [5-2] registered
1773304053.055093 localhost kernel: acpiphp: Slot [6-3] registered
1773304053.055101 localhost kernel: acpiphp: Slot [7-3] registered
1773304053.055109 localhost kernel: acpiphp: Slot [8-3] registered
1773304053.055116 localhost kernel: acpiphp: Slot [9-3] registered
1773304053.055128 localhost kernel: acpiphp: Slot [10-3] registered
1773304053.055136 localhost kernel: acpiphp: Slot [11-3] registered
1773304053.055148 localhost kernel: acpiphp: Slot [12-3] registered
1773304053.055162 localhost kernel: acpiphp: Slot [13-3] registered
1773304053.055176 localhost kernel: acpiphp: Slot [14-3] registered
1773304053.055191 localhost kernel: acpiphp: Slot [15-3] registered
1773304053.055204 localhost kernel: acpiphp: Slot [16-3] registered
1773304053.055218 localhost kernel: acpiphp: Slot [17-3] registered
1773304053.055257 localhost kernel: acpiphp: Slot [18-3] registered
1773304053.055271 localhost kernel: acpiphp: Slot [19-3] registered
1773304053.055285 localhost kernel: acpiphp: Slot [20-3] registered
1773304053.055315 localhost kernel: acpiphp: Slot [21-3] registered
1773304053.055333 localhost kernel: acpiphp: Slot [22-3] registered
1773304053.055348 localhost kernel: acpiphp: Slot [23-3] registered
1773304053.055362 localhost kernel: acpiphp: Slot [24-3] registered
1773304053.055377 localhost kernel: acpiphp: Slot [25-3] registered
1773304053.055390 localhost kernel: acpiphp: Slot [26-3] registered
1773304053.055399 localhost kernel: acpiphp: Slot [27-3] registered
1773304053.055410 localhost kernel: acpiphp: Slot [28-3] registered
1773304053.055422 localhost kernel: acpiphp: Slot [29-3] registered
1773304053.055437 localhost kernel: acpiphp: Slot [30-2] registered
1773304053.055452 localhost kernel: acpiphp: Slot [31-2] registered
1773304053.055593 localhost kernel: pci 0000:00:1e.0: PCI bridge to [bus 02]
1773304053.055706 localhost kernel: pci_bus 0000:03: extended config space not accessible
1773304053.055724 localhost kernel: acpiphp: Slot [0-3] registered
1773304053.055738 localhost kernel: acpiphp: Slot [1-4] registered
1773304053.055753 localhost kernel: acpiphp: Slot [2-3] registered
1773304053.055767 localhost kernel: acpiphp: Slot [3-4] registered
1773304053.055781 localhost kernel: acpiphp: Slot [4-4] registered
1773304053.056909 localhost kernel: acpiphp: Slot [5-3] registered
1773304053.056926 localhost kernel: acpiphp: Slot [6-4] registered
1773304053.056941 localhost kernel: acpiphp: Slot [7-4] registered
1773304053.056955 localhost kernel: acpiphp: Slot [8-4] registered
1773304053.056970 localhost kernel: acpiphp: Slot [9-4] registered
1773304053.057139 localhost kernel: acpiphp: Slot [10-4] registered
1773304053.057156 localhost kernel: acpiphp: Slot [11-4] registered
1773304053.057171 localhost kernel: acpiphp: Slot [12-4] registered
1773304053.057185 localhost kernel: acpiphp: Slot [13-4] registered
1773304053.057200 localhost kernel: acpiphp: Slot [14-4] registered
1773304053.057214 localhost kernel: acpiphp: Slot [15-4] registered
1773304053.057235 localhost kernel: acpiphp: Slot [16-4] registered
1773304053.057249 localhost kernel: acpiphp: Slot [17-4] registered
1773304053.057292 localhost kernel: acpiphp: Slot [18-4] registered
1773304053.057307 localhost kernel: acpiphp: Slot [19-4] registered
1773304053.057322 localhost kernel: acpiphp: Slot [20-4] registered
1773304053.057333 localhost kernel: acpiphp: Slot [21-4] registered
1773304053.057351 localhost kernel: acpiphp: Slot [22-4] registered
1773304053.057367 localhost kernel: acpiphp: Slot [23-4] registered
1773304053.057381 localhost kernel: acpiphp: Slot [24-4] registered
1773304053.057395 localhost kernel: acpiphp: Slot [25-4] registered
1773304053.057407 localhost kernel: acpiphp: Slot [26-4] registered
1773304053.057415 localhost kernel: acpiphp: Slot [27-4] registered
1773304053.057427 localhost kernel: acpiphp: Slot [28-4] registered
1773304053.057442 localhost kernel: acpiphp: Slot [29-4] registered
1773304053.057456 localhost kernel: acpiphp: Slot [30-3] registered
1773304053.057471 localhost kernel: acpiphp: Slot [31-3] registered
1773304053.057600 localhost kernel: pci 0000:00:1f.0: PCI bridge to [bus 03]
1773304053.057619 localhost kernel: ACPI: PCI: Interrupt link LNKA configured for IRQ 10
1773304053.057634 localhost kernel: ACPI: PCI: Interrupt link LNKB configured for IRQ 10
1773304053.057653 localhost kernel: ACPI: PCI: Interrupt link LNKC configured for IRQ 11
1773304053.057668 localhost kernel: ACPI: PCI: Interrupt link LNKD configured for IRQ 11
1773304053.057682 localhost kernel: ACPI: PCI: Interrupt link LNKS configured for IRQ 9
1773304053.057698 localhost kernel: iommu: Default domain type: Translated
1773304053.057712 localhost kernel: iommu: DMA domain TLB invalidation policy: lazy mode
1773304053.057725 localhost kernel: SCSI subsystem initialized
1773304053.057735 localhost kernel: libata version 3.00 loaded.
1773304053.057743 localhost kernel: ACPI: bus type USB registered
1773304053.057752 localhost kernel: usbcore: registered new interface driver usbfs
1773304053.057766 localhost kernel: usbcore: registered new interface driver hub
1773304053.057780 localhost kernel: usbcore: registered new device driver usb
1773304053.059305 localhost kernel: pps_core: LinuxPPS API ver. 1 registered
1773304053.059322 localhost kernel: pps_core: Software ver. 5.3.6 - Copyright 2005-2007 Rodolfo Giometti <giometti@linux.it>
1773304053.059336 localhost kernel: PTP clock support registered
1773304053.059350 localhost kernel: EDAC MC: Ver: 3.0.0
1773304053.059369 localhost kernel: NetLabel: Initializing
1773304053.059383 localhost kernel: NetLabel:  domain hash size = 128
1773304053.059398 localhost kernel: NetLabel:  protocols = UNLABELED CIPSOv4 CALIPSO
1773304053.059412 localhost kernel: NetLabel:  unlabeled traffic allowed by default
1773304053.059426 localhost kernel: mctp: management component transport protocol core
1773304053.059441 localhost kernel: NET: Registered PF_MCTP protocol family
1773304053.059455 localhost kernel: PCI: Using ACPI for IRQ routing
1773304053.059469 localhost kernel: PCI: pci_cache_line_size set to 64 bytes
1773304053.059483 localhost kernel: e820: reserve RAM buffer [mem 0x0009fc00-0x0009ffff]
1773304053.059497 localhost kernel: e820: reserve RAM buffer [mem 0xbffda000-0xbfffffff]
1773304053.059671 localhost kernel: pci 0000:00:02.0: vgaarb: setting as boot VGA device
1773304053.059835 localhost kernel: pci 0000:00:02.0: vgaarb: bridge control possible
1773304053.059976 localhost kernel: pci 0000:00:02.0: vgaarb: VGA device added: decodes=io+mem,owns=io+mem,locks=none
1773304053.059994 localhost kernel: vgaarb: loaded
1773304053.060009 localhost kernel: clocksource: Switched to clocksource kvm-clock
1773304053.060023 localhost kernel: VFS: Disk quotas dquot_6.6.0
1773304053.060038 localhost kernel: VFS: Dquot-cache hash table entries: 512 (order 0, 4096 bytes)
1773304053.060052 localhost kernel: AppArmor: AppArmor Filesystem Enabled
1773304053.060067 localhost kernel: pnp: PnP ACPI init
1773304053.060204 localhost kernel: pnp 00:02: [dma 2]
1773304053.060231 localhost kernel: pnp: PnP ACPI: found 4 devices
1773304053.060246 localhost kernel: clocksource: acpi_pm: mask: 0xffffff max_cycles: 0xffffff, max_idle_ns: 2085701024 ns
1773304053.060262 localhost kernel: NET: Registered PF_INET protocol family
1773304053.060280 localhost kernel: IP idents hash table entries: 65536 (order: 7, 524288 bytes, linear)
1773304053.060295 localhost kernel: tcp_listen_portaddr_hash hash table entries: 2048 (order: 3, 32768 bytes, linear)
1773304053.060309 localhost kernel: Table-perturb hash table entries: 65536 (order: 6, 262144 bytes, linear)
1773304053.060323 localhost kernel: TCP established hash table entries: 32768 (order: 6, 262144 bytes, linear)
1773304053.060395 localhost kernel: TCP bind hash table entries: 32768 (order: 8, 1048576 bytes, linear)
1773304053.060412 localhost kernel: TCP: Hash tables configured (established 32768 bind 32768)
1773304053.060427 localhost kernel: MPTCP token hash table entries: 4096 (order: 4, 98304 bytes, linear)
1773304053.060441 localhost kernel: UDP hash table entries: 2048 (order: 4, 65536 bytes, linear)
1773304053.060455 localhost kernel: UDP-Lite hash table entries: 2048 (order: 4, 65536 bytes, linear)
1773304053.060469 localhost kernel: NET: Registered PF_UNIX/PF_LOCAL protocol family
1773304053.060491 localhost kernel: NET: Registered PF_XDP protocol family
1773304053.060651 localhost kernel: pci 0000:00:05.0: PCI bridge to [bus 01]
1773304053.060752 localhost kernel: pci 0000:00:05.0:   bridge window [io  0xe000-0xefff]
1773304053.060874 localhost kernel: pci 0000:00:05.0:   bridge window [mem 0xfe800000-0xfe9fffff]
1773304053.060956 localhost kernel: pci 0000:00:05.0:   bridge window [mem 0xc080000000-0xc09fffffff 64bit pref]
1773304053.061152 localhost kernel: pci 0000:00:1e.0: PCI bridge to [bus 02]
1773304053.061314 localhost kernel: pci 0000:00:1e.0:   bridge window [io  0xd000-0xdfff]
1773304053.061474 localhost kernel: pci 0000:00:1e.0:   bridge window [mem 0xfe600000-0xfe7fffff]
1773304053.061626 localhost kernel: pci 0000:00:1e.0:   bridge window [mem 0xc060000000-0xc07fffffff 64bit pref]
1773304053.061776 localhost kernel: pci 0000:00:1f.0: PCI bridge to [bus 03]
1773304053.061962 localhost kernel: pci 0000:00:1f.0:   bridge window [io  0xc000-0xcfff]
1773304053.062050 localhost kernel: pci 0000:00:1f.0:   bridge window [mem 0xfe400000-0xfe5fffff]
1773304053.062204 localhost kernel: pci 0000:00:1f.0:   bridge window [mem 0xc040000000-0xc05fffffff 64bit pref]
1773304053.062349 localhost kernel: pci_bus 0000:00: resource 4 [io  0x0000-0x0cf7 window]
1773304053.062474 localhost kernel: pci_bus 0000:00: resource 5 [io  0x0d00-0xffff window]
1773304053.062604 localhost kernel: pci_bus 0000:00: resource 6 [mem 0x000a0000-0x000bffff window]
1773304053.062733 localhost kernel: pci_bus 0000:00: resource 7 [mem 0xc0000000-0xfebfffff window]
1773304053.062940 localhost kernel: pci_bus 0000:00: resource 8 [mem 0xc000000000-0xc0a000bfff window]
1773304053.063085 localhost kernel: pci_bus 0000:01: resource 0 [io  0xe000-0xefff]
1773304053.063215 localhost kernel: pci_bus 0000:01: resource 1 [mem 0xfe800000-0xfe9fffff]
1773304053.063351 localhost kernel: pci_bus 0000:01: resource 2 [mem 0xc080000000-0xc09fffffff 64bit pref]
1773304053.063425 localhost kernel: pci_bus 0000:02: resource 0 [io  0xd000-0xdfff]
1773304053.063559 localhost kernel: pci_bus 0000:02: resource 1 [mem 0xfe600000-0xfe7fffff]
1773304053.063687 localhost kernel: pci_bus 0000:02: resource 2 [mem 0xc060000000-0xc07fffffff 64bit pref]
1773304053.063911 localhost kernel: pci_bus 0000:03: resource 0 [io  0xc000-0xcfff]
1773304053.064043 localhost kernel: pci_bus 0000:03: resource 1 [mem 0xfe400000-0xfe5fffff]
1773304053.064177 localhost kernel: pci_bus 0000:03: resource 2 [mem 0xc040000000-0xc05fffffff 64bit pref]
1773304053.064311 localhost kernel: pci 0000:00:01.0: PIIX3: Enabling Passive Release
1773304053.064448 localhost kernel: pci 0000:00:00.0: Limiting direct PCI/PCI transfers
1773304053.064466 localhost kernel: ACPI: \_SB_.LNKD: Enabled at IRQ 11
1773304053.064481 localhost kernel: PCI: CLS 0 bytes, default 64
1773304053.064494 localhost kernel: Trying to unpack rootfs image as initramfs...
1773304053.064508 localhost kernel: PCI-DMA: Using software bounce buffering for IO (SWIOTLB)
1773304053.064523 localhost kernel: software IO TLB: mapped [mem 0x00000000bbfda000-0x00000000bffda000] (64MB)
1773304053.064538 localhost kernel: Initialise system trusted keyrings
1773304053.064552 localhost kernel: Key type blacklist registered
1773304053.064566 localhost kernel: workingset: timestamp_bits=36 max_order=20 bucket_order=0
1773304053.064584 localhost kernel: zbud: loaded
1773304053.064599 localhost kernel: squashfs: version 4.0 (2009/01/31) Phillip Lougher
1773304053.064613 localhost kernel: fuse: init (API version 7.39)
1773304053.064627 localhost kernel: integrity: Platform Keyring initialized
1773304053.064642 localhost kernel: integrity: Machine keyring initialized
1773304053.064656 localhost kernel: Key type asymmetric registered
1773304053.064672 localhost kernel: Asymmetric key parser 'x509' registered
1773304053.064686 localhost kernel: Block layer SCSI generic (bsg) driver version 0.4 loaded (major 243)
1773304053.064701 localhost kernel: io scheduler mq-deadline registered
1773304053.065240 localhost kernel: shpchp 0000:00:05.0: Requesting control of SHPC hotplug via OSHP (\_SB_.PCI0.S28_)
1773304053.065342 localhost kernel: shpchp 0000:00:05.0: Requesting control of SHPC hotplug via OSHP (\_SB_.PCI0)
1773304053.065494 localhost kernel: shpchp 0000:00:05.0: Cannot get control of SHPC hotplug
1773304053.072572 localhost kernel: shpchp 0000:00:1e.0: Requesting control of SHPC hotplug via OSHP (\_SB_.PCI0.SF0_)
1773304053.072754 localhost kernel: shpchp 0000:00:1e.0: Requesting control of SHPC hotplug via OSHP (\_SB_.PCI0)
1773304053.072937 localhost kernel: shpchp 0000:00:1e.0: Cannot get control of SHPC hotplug
1773304053.073089 localhost kernel: shpchp 0000:00:1f.0: Requesting control of SHPC hotplug via OSHP (\_SB_.PCI0.SF8_)
1773304053.073249 localhost kernel: shpchp 0000:00:1f.0: Requesting control of SHPC hotplug via OSHP (\_SB_.PCI0)
1773304053.073399 localhost kernel: shpchp 0000:00:1f.0: Cannot get control of SHPC hotplug
1773304053.073417 localhost kernel: shpchp: Standard Hot Plug PCI Controller Driver version: 0.4
1773304053.073432 localhost kernel: input: Power Button as /devices/LNXSYSTM:00/LNXPWRBN:00/input/input0
1773304053.073446 localhost kernel: ACPI: button: Power Button [PWRF]
1773304053.073563 localhost kernel: ACPI: \_SB_.LNKC: Enabled at IRQ 10
1773304053.073580 localhost kernel: ACPI: \_SB_.LNKB: Enabled at IRQ 10
1773304053.073596 localhost kernel: ACPI: \_SB_.LNKA: Enabled at IRQ 11
1773304053.073611 localhost kernel: Free page reporting enabled
1773304053.073633 localhost kernel: Serial: 8250/16550 driver, 32 ports, IRQ sharing enabled
1773304053.073647 localhost kernel: Linux agpgart interface v0.103
1773304053.073662 localhost kernel: loop: module loaded
1773304053.073852 localhost kernel: virtio_scsi virtio3: 2/0/0 default/read/poll queues
1773304053.074007 localhost kernel: scsi host0: Virtio SCSI HBA
1773304053.074175 localhost kernel: scsi 0:0:0:0: Direct-Access     QEMU     QEMU HARDDISK    2.5+ PQ: 0 ANSI: 5
1773304053.074347 localhost kernel: ata_piix 0000:00:01.1: version 2.13
1773304053.074492 localhost kernel: scsi host1: ata_piix
1773304053.074639 localhost kernel: scsi host2: ata_piix
1773304053.074657 localhost kernel: ata1: PATA max MWDMA2 cmd 0x1f0 ctl 0x3f6 bmdma 0xf0e0 irq 14 lpm-pol 0
1773304053.074672 localhost kernel: ata2: PATA max MWDMA2 cmd 0x170 ctl 0x376 bmdma 0xf0e8 irq 15 lpm-pol 0
1773304053.074686 localhost kernel: ACPI: bus type drm_connector registered
1773304053.074701 localhost kernel: tun: Universal TUN/TAP device driver, 1.6
1773304053.074923 localhost kernel: sd 0:0:0:0: Attached scsi generic sg0 type 0
1773304053.074940 localhost kernel: PPP generic driver version 2.4.2
1773304053.075106 localhost kernel: sd 0:0:0:0: Power-on or device reset occurred
1773304053.075273 localhost kernel: sd 0:0:0:0: [sda] 67108864 512-byte logical blocks: (34.4 GB/32.0 GiB)
1773304053.075437 localhost kernel: sd 0:0:0:0: [sda] Write Protect is off
1773304053.075592 localhost kernel: sd 0:0:0:0: [sda] Mode Sense: 63 00 10 08
1773304053.075753 localhost kernel: sd 0:0:0:0: [sda] Write cache: enabled, read cache: enabled, supports DPO and FUA
1773304053.075939 localhost kernel: uhci_hcd 0000:00:01.2: UHCI Host Controller
1773304053.076091 localhost kernel: uhci_hcd 0000:00:01.2: new USB bus registered, assigned bus number 1
1773304053.076249 localhost kernel: uhci_hcd 0000:00:01.2: detected 2 ports
1773304053.076396 localhost kernel: uhci_hcd 0000:00:01.2: irq 11, io port 0x0000f0c0
1773304053.076637 localhost kernel: usb usb1: New USB device found, idVendor=1d6b, idProduct=0001, bcdDevice= 6.08
1773304053.076861 localhost kernel: usb usb1: New USB device strings: Mfr=3, Product=2, SerialNumber=1
1773304053.077055 localhost kernel: usb usb1: Product: UHCI Host Controller
1773304053.077254 localhost kernel: usb usb1: Manufacturer: Linux 6.8.0-55-generic uhci_hcd
1773304053.077449 localhost kernel: usb usb1: SerialNumber: 0000:00:01.2
1773304053.077627 localhost kernel: hub 1-0:1.0: USB hub found
1773304053.077801 localhost kernel: hub 1-0:1.0: 2 ports detected
1773304053.077830 localhost kernel: i8042: PNP: PS/2 Controller [PNP0303:KBD,PNP0f13:MOU] at 0x60,0x64 irq 1,12
1773304053.077846 localhost kernel: serio: i8042 KBD port at 0x60,0x64 irq 1
1773304053.077860 localhost kernel: serio: i8042 AUX port at 0x60,0x64 irq 12
1773304053.077879 localhost kernel: mousedev: PS/2 mouse device common for all mice
1773304053.078012 localhost kernel: rtc_cmos 00:03: RTC can wake from S4
1773304053.078030 localhost kernel: input: AT Translated Set 2 keyboard as /devices/platform/i8042/serio0/input/input1
1773304053.078161 localhost kernel: rtc_cmos 00:03: registered as rtc0
1773304053.078299 localhost kernel: rtc_cmos 00:03: setting system clock to 2026-03-12T08:27:13 UTC (1773304033)
1773304053.078426 localhost kernel: rtc_cmos 00:03: alarms up to one day, y3k, 242 bytes nvram
1773304053.078444 localhost kernel: i2c_dev: i2c /dev entries driver
1773304053.078458 localhost kernel: device-mapper: core: CONFIG_IMA_DISABLE_HTABLE is disabled. Duplicate IMA measurements will not be recorded in the IMA log.
1773304053.078473 localhost kernel: device-mapper: uevent: version 1.0.3
1773304053.078488 localhost kernel: device-mapper: ioctl: 4.48.0-ioctl (2023-03-01) initialised: dm-devel@redhat.com
1773304053.078651 localhost kernel: platform eisa.0: Probing EISA bus 0
1773304053.078817 localhost kernel: platform eisa.0: EISA: Cannot allocate resource for mainboard
1773304053.078961 localhost kernel: platform eisa.0: Cannot allocate resource for EISA slot 1
1773304053.079101 localhost kernel: platform eisa.0: Cannot allocate resource for EISA slot 2
1773304053.079252 localhost kernel: platform eisa.0: Cannot allocate resource for EISA slot 3
1773304053.079395 localhost kernel: platform eisa.0: Cannot allocate resource for EISA slot 4
1773304053.079535 localhost kernel: platform eisa.0: Cannot allocate resource for EISA slot 5
1773304053.079677 localhost kernel: platform eisa.0: Cannot allocate resource for EISA slot 6
1773304053.079842 localhost kernel: platform eisa.0: Cannot allocate resource for EISA slot 7
1773304053.079984 localhost kernel: platform eisa.0: Cannot allocate resource for EISA slot 8
1773304053.080129 localhost kernel: platform eisa.0: EISA: Detected 0 cards
1773304053.080147 localhost kernel: amd_pstate: the _CPC object is not present in SBIOS or ACPI disabled
1773304053.080161 localhost kernel: ledtrig-cpu: registered to indicate activity on CPUs
1773304053.080176 localhost kernel: [drm] Initialized simpledrm 1.0.0 20200625 for simple-framebuffer.0 on minor 0
1773304053.080191 localhost kernel:  sda: sda1 sda2 sda3
1773304053.080357 localhost kernel: sd 0:0:0:0: [sda] Attached SCSI disk
1773304053.080374 localhost kernel: Console: switching to colour frame buffer device 100x37
1773304053.080417 localhost kernel: simple-framebuffer simple-framebuffer.0: [drm] fb0: simpledrmdrmfb frame buffer device
1773304053.080432 localhost kernel: drop_monitor: Initializing network drop monitor service
1773304053.080447 localhost kernel: NET: Registered PF_INET6 protocol family
1773304053.080462 localhost kernel: Freeing initrd memory: 67140K
1773304053.080481 localhost kernel: Segment Routing with IPv6
1773304053.080495 localhost kernel: In-situ OAM (IOAM) with IPv6
1773304053.080510 localhost kernel: NET: Registered PF_PACKET protocol family
1773304053.080524 localhost kernel: Key type dns_resolver registered
1773304053.080539 localhost kernel: ata2: found unknown device (class 0)
1773304053.080553 localhost kernel: ata2.00: ATAPI: QEMU DVD-ROM, 2.5+, max UDMA/100
1773304053.080568 localhost kernel: IPI shorthand broadcast: enabled
1773304053.080723 localhost kernel: scsi 2:0:0:0: CD-ROM            QEMU     QEMU DVD-ROM     2.5+ PQ: 0 ANSI: 5
1773304053.080740 localhost kernel: sched_clock: Marking stable (1195048650, 1169620)->(1237220730, -41002460)
1773304053.080756 localhost kernel: registered taskstats version 1
1773304053.080770 localhost kernel: Loading compiled-in X.509 certificates
1773304053.080803 localhost kernel: Loaded X.509 cert 'Build time autogenerated kernel key: e0bedf6fa049a1e09bd65ebab3904f14cdd5bc68'
1773304053.080819 localhost kernel: Loaded X.509 cert 'Canonical Ltd. Live Patch Signing: 14df34d1a87cf37625abec039ef2bf521249b969'
1773304053.080834 localhost kernel: Loaded X.509 cert 'Canonical Ltd. Kernel Module Signing: 88f752e560a1e0737e31163a466ad7b70a850c19'
1773304053.080849 localhost kernel: blacklist: Loading compiled-in revocation X.509 certificates
1773304053.080863 localhost kernel: Loaded X.509 cert 'Canonical Ltd. Secure Boot Signing: 61482aa2830d0ab2ad5af10b7250da9033ddcef0'
1773304053.080877 localhost kernel: Loaded X.509 cert 'Canonical Ltd. Secure Boot Signing (2017): 242ade75ac4a15e50d50c84b0d45ff3eae707a03'
1773304053.081029 localhost kernel: sr 2:0:0:0: [sr0] scsi3-mmc drive: 4x/4x cd/rw xa/form2 tray
1773304053.081046 localhost kernel: Loaded X.509 cert 'Canonical Ltd. Secure Boot Signing (ESM 2018): 365188c1d374d6b07c3c8f240f8ef722433d6a8b'
1773304053.081061 localhost kernel: Loaded X.509 cert 'Canonical Ltd. Secure Boot Signing (2019): c0746fd6c5da3ae827864651ad66ae47fe24b3e8'
1773304053.081077 localhost kernel: Loaded X.509 cert 'Canonical Ltd. Secure Boot Signing (2021 v1): a8d54bbb3825cfb94fa13c9f8a594a195c107b8d'
1773304053.081091 localhost kernel: Loaded X.509 cert 'Canonical Ltd. Secure Boot Signing (2021 v2): 4cf046892d6fd3c9a5b03f98d845f90851dc6a8c'
1773304053.081109 localhost kernel: Loaded X.509 cert 'Canonical Ltd. Secure Boot Signing (2021 v3): 100437bb6de6e469b581e61cd66bce3ef4ed53af'
1773304053.081124 localhost kernel: Loaded X.509 cert 'Canonical Ltd. Secure Boot Signing (Ubuntu Core 2019): c1d57b8f6b743f23ee41f4f7ee292f06eecadfb9'
1773304053.081138 localhost kernel: Key type .fscrypt registered
1773304053.081153 localhost kernel: cdrom: Uniform CD-ROM driver Revision: 3.20
1773304053.081167 localhost kernel: Key type fscrypt-provisioning registered
1773304053.081328 localhost kernel: sr 2:0:0:0: Attached scsi CD-ROM sr0
1773304053.081478 localhost kernel: sr 2:0:0:0: Attached scsi generic sg1 type 5
1773304053.081495 localhost kernel: cryptd: max_cpu_qlen set to 1000
1773304053.081712 localhost kernel: usb 1-1: new full-speed USB device number 2 using uhci_hcd
1773304053.081733 localhost kernel: SSE version of gcm_enc/dec engaged.
1773304053.081751 localhost kernel: Key type encrypted registered
1773304053.081766 localhost kernel: AppArmor: AppArmor sha256 policy hashing enabled
1773304053.081780 localhost kernel: ima: No TPM chip found, activating TPM-bypass!
1773304053.081818 localhost kernel: Loading compiled-in module X.509 certificates
1773304053.081833 localhost kernel: Loaded X.509 cert 'Build time autogenerated kernel key: e0bedf6fa049a1e09bd65ebab3904f14cdd5bc68'
1773304053.081847 localhost kernel: ima: Allocated hash algorithm: sha256
1773304053.081861 localhost kernel: ima: No architecture policies found
1773304053.081875 localhost kernel: evm: Initialising EVM extended attributes:
1773304053.081889 localhost kernel: evm: security.selinux
1773304053.081903 localhost kernel: evm: security.SMACK64
1773304053.081917 localhost kernel: evm: security.SMACK64EXEC
1773304053.081932 localhost kernel: evm: security.SMACK64TRANSMUTE
1773304053.081951 localhost kernel: evm: security.SMACK64MMAP
1773304053.081966 localhost kernel: evm: security.apparmor
1773304053.081979 localhost kernel: evm: security.ima
1773304053.081994 localhost kernel: evm: security.capability
1773304053.082007 localhost kernel: evm: HMAC attrs: 0x1
1773304053.082022 localhost kernel: PM:   Magic number: 2:655:472
1773304053.082161 localhost kernel: acpi LNXSYSTM:00: hash matches
1773304053.082178 localhost kernel: powernow_k8: Power state transitions not supported
1773304053.082192 localhost kernel: powernow_k8: Power state transitions not supported
1773304053.082206 localhost kernel: RAS: Correctable Errors collector initialized.
1773304053.082226 localhost kernel: clk: Disabling unused clocks
1773304053.082241 localhost kernel: Freeing unused decrypted memory: 2028K
1773304053.082260 localhost kernel: Freeing unused kernel image (initmem) memory: 4988K
1773304053.082274 localhost kernel: Write protecting the kernel read-only data: 38912k
1773304053.082288 localhost kernel: Freeing unused kernel image (rodata/data gap) memory: 2040K
1773304053.082302 localhost kernel: x86/mm: Checked W+X mappings: passed, no W+X pages found.
1773304053.082316 localhost kernel: Run /init as init process
1773304053.082330 localhost kernel:   with arguments:
1773304053.082343 localhost kernel:     /init
1773304053.082358 localhost kernel:   with environment:
1773304053.082372 localhost kernel:     HOME=/
1773304053.082386 localhost kernel:     TERM=linux
1773304053.082399 localhost kernel:     BOOT_IMAGE=/vmlinuz-6.8.0-55-generic
1773304053.082608 localhost kernel: usb 1-1: New USB device found, idVendor=0627, idProduct=0001, bcdDevice= 0.00
1773304053.082825 localhost kernel: usb 1-1: New USB device strings: Mfr=1, Product=3, SerialNumber=10
1773304053.083020 localhost kernel: usb 1-1: Product: QEMU USB Tablet
1773304053.083215 localhost kernel: usb 1-1: Manufacturer: QEMU
1773304053.083418 localhost kernel: usb 1-1: SerialNumber: 28754-0000:00:01.2-1
1773304053.083437 localhost kernel: hid: raw HID events driver (C) Jiri Kosina
1773304053.083452 localhost kernel: usbcore: registered new interface driver usbhid
1773304053.083466 localhost kernel: usbhid: USB HID core driver
1773304053.083481 localhost kernel: input: QEMU QEMU USB Tablet as /devices/pci0000:00/0000:00:01.2/usb1/1-1/1-1:1.0/0003:0627:0001.0001/input/input3
1773304053.083675 localhost kernel: hid-generic 0003:0627:0001.0001: input,hidraw0: USB HID v0.01 Mouse [QEMU QEMU USB Tablet] on usb-0000:00:01.2-1/input0
1773304053.083849 localhost kernel: virtio_net virtio2 ens18: renamed from eth0
1773304053.083871 localhost kernel: input: VirtualPS/2 VMware VMMouse as /devices/platform/i8042/serio1/input/input5
1773304053.083886 localhost kernel: input: VirtualPS/2 VMware VMMouse as /devices/platform/i8042/serio1/input/input4
1773304053.083900 localhost kernel: FDC 0 is a S82078B
1773304053.083914 localhost kernel: Console: switching to colour dummy device 80x25
1773304053.084070 localhost kernel: bochs-drm 0000:00:02.0: vgaarb: deactivate vga console
1773304053.084087 localhost kernel: [drm] Found bochs VGA, ID 0xb0c5.
1773304053.084102 localhost kernel: [drm] Framebuffer size 16384 kB @ 0xfd000000, mmio @ 0xfea50000.
1773304053.084117 localhost kernel: [drm] Found EDID data blob.
1773304053.084131 localhost kernel: [drm] Initialized bochs-drm 1.0.0 20130925 for 0000:00:02.0 on minor 0
1773304053.084145 localhost kernel: fbcon: bochs-drmdrmfb (fb0) is primary device
1773304053.084163 localhost kernel: Console: switching to colour frame buffer device 160x50
1773304053.084318 localhost kernel: bochs-drm 0000:00:02.0: [drm] fb0: bochs-drmdrmfb frame buffer device
1773304053.084336 localhost kernel: random: crng init done
1773304053.084351 localhost kernel: raid6: sse2x4   gen()  2162 MB/s
1773304053.084366 localhost kernel: raid6: sse2x2   gen()  1744 MB/s
1773304053.084380 localhost kernel: raid6: sse2x1   gen()  1277 MB/s
1773304053.084395 localhost kernel: raid6: using algorithm sse2x4 gen() 2162 MB/s
1773304053.084409 localhost kernel: raid6: .... xor() 1353 MB/s, rmw enabled
1773304053.084423 localhost kernel: raid6: using ssse3x2 recovery algorithm
1773304053.084437 localhost kernel: xor: measuring software checksum speed
1773304053.084451 localhost kernel:    prefetch64-sse  : 15842 MB/sec
1773304053.084465 localhost kernel:    generic_sse     : 10430 MB/sec
1773304053.084484 localhost kernel: xor: using function: prefetch64-sse (15842 MB/sec)
1773304053.084499 localhost kernel: async_tx: api initialized (async)
1773304053.084513 localhost kernel: Btrfs loaded, zoned=yes, fsverity=yes
1773304053.084529 localhost kernel: EXT4-fs (dm-0): mounted filesystem 78dfc1ab-05ce-40b9-a2f8-2f3e03168145 ro with ordered data mode. Quota mode: none.
1773304053.084543 localhost kernel: workqueue: drm_fb_helper_damage_work hogged CPU for >10000us 4 times, consider switching to WQ_UNBOUND
1773304053.084559 localhost systemd[1]: Inserted module 'autofs4'
1773304053.084576 localhost kernel: workqueue: drm_fb_helper_damage_work hogged CPU for >10000us 8 times, consider switching to WQ_UNBOUND
1773304053.084593 localhost systemd[1]: systemd 255.4-1ubuntu8.5 running in system mode (+PAM +AUDIT +SELINUX +APPARMOR +IMA +SMACK +SECCOMP +GCRYPT -GNUTLS +OPENSSL +ACL +BLKID +CURL +ELFUTILS +FIDO2 +IDN2 -IDN +IPTC +KMOD +LIBCRYPTSETUP +LIBFDISK +PCRE2 -PWQUALITY +P11KIT +QRENCODE +TPM2 +BZIP2 +LZ4 +XZ +ZLIB +ZSTD -BPF_FRAMEWORK -XKBCOMMON +UTMP +SYSVINIT default-hierarchy=unified)
1773304053.084613 localhost systemd[1]: Detected virtualization kvm.
1773304053.084629 localhost systemd[1]: Detected architecture x86-64.
1773304053.084645 localhost systemd[1]: No hostname configured, using default hostname.
1773304053.084661 localhost systemd[1]: Hostname set to <localhost>.
1773304053.084677 localhost systemd[1]: Queued start job for default target graphical.target.
1773304053.084695 localhost systemd[1]: Created slice system-modprobe.slice - Slice /system/modprobe.
1773304053.084711 localhost systemd[1]: Created slice system-systemd\x2dfsck.slice - Slice /system/systemd-fsck.
1773304053.084726 localhost systemd[1]: Created slice user.slice - User and Session Slice.
1773304053.084743 localhost systemd[1]: Started systemd-ask-password-wall.path - Forward Password Requests to Wall Directory Watch.
1773304053.084758 localhost systemd[1]: Set up automount proc-sys-fs-binfmt_misc.automount - Arbitrary Executable File Formats File System Automount Point.
1773304053.084774 localhost systemd[1]: Expecting device dev-disk-by\x2duuid-c3f8f018\x2df5f7\x2d4a5d\x2d92a1\x2d12ee87108672.device - /dev/disk/by-uuid/c3f8f018-f5f7-4a5d-92a1-12ee87108672...
1773304053.084818 localhost systemd[1]: Reached target integritysetup.target - Local Integrity Protected Volumes.
1773304053.084835 localhost systemd[1]: Reached target slices.target - Slice Units.
1773304053.084851 localhost systemd[1]: Reached target snapd.mounts-pre.target - Mounting snaps.
1773304053.084867 localhost systemd[1]: Reached target snapd.mounts.target - Mounted snaps.
1773304053.084883 localhost systemd[1]: Reached target veritysetup.target - Local Verity Protected Volumes.
1773304053.084898 localhost systemd[1]: Listening on dm-event.socket - Device-mapper event daemon FIFOs.
1773304053.084914 localhost systemd[1]: Listening on lvm2-lvmpolld.socket - LVM2 poll daemon socket.
1773304053.084929 localhost systemd[1]: Listening on multipathd.socket - multipathd control socket.
1773304053.084945 localhost systemd[1]: Listening on syslog.socket - Syslog Socket.
1773304053.084961 localhost systemd[1]: Listening on systemd-fsckd.socket - fsck to fsckd communication Socket.
1773304053.084980 localhost systemd[1]: Listening on systemd-initctl.socket - initctl Compatibility Named Pipe.
1773304053.084996 localhost systemd[1]: Listening on systemd-journald-dev-log.socket - Journal Socket (/dev/log).
1773304053.085012 localhost systemd[1]: Listening on systemd-journald.socket - Journal Socket.
1773304053.085027 localhost systemd[1]: Listening on systemd-networkd.socket - Network Service Netlink Socket.
1773304053.085043 localhost systemd[1]: systemd-pcrextend.socket - TPM2 PCR Extension (Varlink) was skipped because of an unmet condition check (ConditionSecurity=measured-uki).
1773304053.085058 localhost systemd[1]: Listening on systemd-udevd-control.socket - udev Control Socket.
1773304053.085074 localhost systemd[1]: Listening on systemd-udevd-kernel.socket - udev Kernel Socket.
1773304053.085089 localhost systemd[1]: Mounting dev-hugepages.mount - Huge Pages File System...
1773304053.085104 localhost systemd[1]: Mounting dev-mqueue.mount - POSIX Message Queue File System...
1773304053.085119 localhost systemd[1]: Mounting sys-kernel-debug.mount - Kernel Debug File System...
1773304053.085135 localhost systemd[1]: Mounting sys-kernel-tracing.mount - Kernel Trace File System...
1773304053.085154 localhost systemd[1]: Starting systemd-journald.service - Journal Service...
1773304053.085170 localhost systemd[1]: Starting keyboard-setup.service - Set the console keyboard layout...
1773304053.085185 localhost systemd[1]: Starting kmod-static-nodes.service - Create List of Static Device Nodes...
1773304053.085201 localhost systemd[1]: Starting lvm2-monitor.service - Monitoring of LVM2 mirrors, snapshots etc. using dmeventd or progress polling...
1773304053.085217 localhost kernel: workqueue: drm_fb_helper_damage_work hogged CPU for >10000us 16 times, consider switching to WQ_UNBOUND
1773304053.085239 localhost systemd[1]: Starting modprobe@configfs.service - Load Kernel Module configfs...
1773304053.085254 localhost systemd[1]: Starting modprobe@dm_mod.service - Load Kernel Module dm_mod...
1773304053.085271 localhost systemd[1]: Starting modprobe@drm.service - Load Kernel Module drm...
1773304053.085291 localhost systemd[1]: Starting modprobe@efi_pstore.service - Load Kernel Module efi_pstore...
1773304053.085343 localhost systemd-journald[308]: Collecting audit messages is disabled.
1773304053.085373 localhost systemd-journald[308]: Journal started
1773304053.085405 localhost systemd-journald[308]: Runtime Journal (/run/log/journal/560b026a44d3424ea490d29e1a7e2775) is 4.8M, max 39.1M, 34.2M free.
1773304053.096830 localhost systemd[1]: Starting modprobe@fuse.service - Load Kernel Module fuse...
1773304053.112582 localhost systemd[1]: Starting modprobe@loop.service - Load Kernel Module loop...
1773304053.112643 localhost systemd[1]: netplan-ovs-cleanup.service - OpenVSwitch configuration for cleanup was skipped because of an unmet condition check (ConditionFileIsExecutable=/usr/bin/ovs-vsctl).
1773304053.113802 localhost systemd[1]: systemd-fsck-root.service - File System Check on Root Device was skipped because of an unmet condition check (ConditionPathExists=!/run/initramfs/fsck-root).
1773304053.393998 localhost systemd[1]: Starting systemd-modules-load.service - Load Kernel Modules...
1773304053.397947 localhost systemd[1]: systemd-pcrmachine.service - TPM2 PCR Machine ID Measurement was skipped because of an unmet condition check (ConditionSecurity=measured-uki).
1773304053.412807 localhost systemd[1]: Starting systemd-remount-fs.service - Remount Root and Kernel File Systems...
1773304053.424837 localhost systemd[1]: systemd-tpm2-setup-early.service - TPM2 SRK Setup (Early) was skipped because of an unmet condition check (ConditionSecurity=measured-uki).
1773304053.439814 localhost systemd[1]: Starting systemd-udev-trigger.service - Coldplug All udev Devices...
1773304053.505481 localhost systemd[1]: Started systemd-journald.service - Journal Service.
1773304053.513315 localhost systemd[1]: Mounted dev-hugepages.mount - Huge Pages File System.
1773304053.516484 localhost systemd[1]: Mounted dev-mqueue.mount - POSIX Message Queue File System.
1773304053.531023 localhost systemd[1]: Mounted sys-kernel-debug.mount - Kernel Debug File System.
1773304053.539693 localhost systemd[1]: Mounted sys-kernel-tracing.mount - Kernel Trace File System.
1773304053.553498 localhost systemd[1]: Finished kmod-static-nodes.service - Create List of Static Device Nodes.
1773304053.556047 localhost systemd[1]: modprobe@configfs.service: Deactivated successfully.
1773304053.563945 localhost systemd[1]: Finished modprobe@configfs.service - Load Kernel Module configfs.
1773304053.571584 localhost systemd[1]: modprobe@dm_mod.service: Deactivated successfully.
1773304053.572061 localhost systemd[1]: Finished modprobe@dm_mod.service - Load Kernel Module dm_mod.
1773304053.586360 localhost systemd[1]: modprobe@drm.service: Deactivated successfully.
1773304053.586714 localhost systemd[1]: Finished modprobe@drm.service - Load Kernel Module drm.
1773304053.588906 localhost systemd[1]: modprobe@efi_pstore.service: Deactivated successfully.
1773304053.589093 localhost systemd[1]: Finished modprobe@efi_pstore.service - Load Kernel Module efi_pstore.
1773304053.600469 localhost systemd[1]: modprobe@fuse.service: Deactivated successfully.
1773304053.600721 localhost systemd[1]: Finished modprobe@fuse.service - Load Kernel Module fuse.
1773304053.606743 localhost systemd[1]: modprobe@loop.service: Deactivated successfully.
1773304053.615529 localhost systemd[1]: Finished modprobe@loop.service - Load Kernel Module loop.
1773304053.685106 localhost systemd[1]: Mounting sys-fs-fuse-connections.mount - FUSE Control File System...
1773304053.693752 localhost systemd[1]: Mounting sys-kernel-config.mount - Kernel Configuration File System...
1773304053.694740 localhost systemd[1]: systemd-repart.service - Repartition Root Disk was skipped because no trigger condition checks were met.
1773304053.700041 localhost systemd[1]: Starting systemd-tmpfiles-setup-dev-early.service - Create Static Device Nodes in /dev gracefully...
1773304053.704472 localhost systemd[1]: Mounted sys-fs-fuse-connections.mount - FUSE Control File System.
1773304053.719188 localhost systemd[1]: Mounted sys-kernel-config.mount - Kernel Configuration File System.
1773304053.817437 localhost systemd-modules-load[320]: Inserted module 'msr'
1773304053.967152 localhost kernel: EXT4-fs (dm-0): re-mounted 78dfc1ab-05ce-40b9-a2f8-2f3e03168145 r/w. Quota mode: none.
1773304053.969864 localhost systemd[1]: Finished systemd-remount-fs.service - Remount Root and Kernel File Systems.
1773304054.039250 localhost systemd-modules-load[320]: Inserted module 'dm_multipath'
1773304054.141246 localhost systemd[1]: Activating swap swap.img.swap - /swap.img...
1773304054.151312 localhost systemd[1]: Starting multipathd.service - Device-Mapper Multipath Device Controller...
1773304054.257419 localhost systemd[1]: systemd-hwdb-update.service - Rebuild Hardware Database was skipped because of an unmet condition check (ConditionNeedsUpdate=/etc).
1773304054.272056 localhost systemd[1]: Starting systemd-journal-flush.service - Flush Journal to Persistent Storage...
1773304054.273154 localhost systemd[1]: systemd-pstore.service - Platform Persistent Storage Archival was skipped because of an unmet condition check (ConditionDirectoryNotEmpty=/sys/fs/pstore).
1773304054.279349 localhost systemd[1]: Starting systemd-random-seed.service - Load/Save OS Random Seed...
1773304054.280056 localhost systemd[1]: systemd-tpm2-setup.service - TPM2 SRK Setup was skipped because of an unmet condition check (ConditionSecurity=measured-uki).
1773304054.280573 localhost systemd[1]: Finished keyboard-setup.service - Set the console keyboard layout.
1773304054.281443 localhost systemd[1]: Finished systemd-modules-load.service - Load Kernel Modules.
1773304054.287984 localhost systemd[1]: Finished systemd-udev-trigger.service - Coldplug All udev Devices.
1773304054.309945 localhost systemd[1]: Starting systemd-sysctl.service - Apply Kernel Variables...
1773304054.338389 localhost systemd[1]: Finished systemd-tmpfiles-setup-dev-early.service - Create Static Device Nodes in /dev gracefully.
1773304054.339291 localhost systemd[1]: systemd-sysusers.service - Create System Users was skipped because no trigger condition checks were met.
1773304054.342683 localhost systemd-journald[308]: Time spent on flushing to /var/log/journal/560b026a44d3424ea490d29e1a7e2775 is 4.888439s for 777 entries.
1773304054.342683 localhost systemd-journald[308]: System Journal (/var/log/journal/560b026a44d3424ea490d29e1a7e2775) is 29.3M, max 1.4G, 1.4G free.
1773304065.733445 localhost systemd-journald[308]: Received client request to flush runtime journal.
1773304065.733497 localhost kernel: Adding 3261436k swap on /swap.img.  Priority:-2 extents:7 across:5735424k 
1773304065.733518 localhost kernel: workqueue: drm_fb_helper_damage_work hogged CPU for >10000us 32 times, consider switching to WQ_UNBOUND
1773304065.733533 localhost kernel: piix4_smbus 0000:00:01.3: SMBus Host Controller at 0x700, revision 0
1773304065.733720 localhost systemd-journald[308]: /var/log/journal/560b026a44d3424ea490d29e1a7e2775/system.journal: Journal file uses a different sequence number ID, rotating.
1773304065.733748 localhost systemd-journald[308]: Rotating system journal.
1773304065.733771 localhost kernel: EXT4-fs (sda2): mounted filesystem c3f8f018-f5f7-4a5d-92a1-12ee87108672 r/w with ordered data mode. Quota mode: none.
1773304065.733802 localhost kernel: cfg80211: Loading compiled-in X.509 certificates for regulatory database
1773304065.733822 localhost kernel: Loaded X.509 cert 'sforshee: 00b28ddf47aef9cea7'
1773304065.733838 localhost kernel: Loaded X.509 cert 'wens: 61c038651aabdcf94bd0ac7ff06c7248db18c600'
1773304065.733858 localhost kernel: audit: type=1400 audit(1773304063.762:2): apparmor="STATUS" operation="profile_load" profile="unconfined" name="Discord" pid=543 comm="apparmor_parser"
1773304065.733873 localhost kernel: audit: type=1400 audit(1773304063.762:3): apparmor="STATUS" operation="profile_load" profile="unconfined" name="1password" pid=542 comm="apparmor_parser"
1773304065.733885 localhost kernel: audit: type=1400 audit(1773304063.850:4): apparmor="STATUS" operation="profile_load" profile="unconfined" name=4D6F6E676F444220436F6D70617373 pid=547 comm="apparmor_parser"
1773304065.733901 localhost kernel: audit: type=1400 audit(1773304063.851:5): apparmor="STATUS" operation="profile_load" profile="unconfined" name="QtWebEngineProcess" pid=548 comm="apparmor_parser"
1773304065.733916 localhost kernel: audit: type=1400 audit(1773304063.865:6): apparmor="STATUS" operation="profile_load" profile="unconfined" name="balena-etcher" pid=549 comm="apparmor_parser"
1773304065.733931 localhost kernel: audit: type=1400 audit(1773304063.865:7): apparmor="STATUS" operation="profile_load" profile="unconfined" name="brave" pid=550 comm="apparmor_parser"
1773304065.733946 localhost kernel: audit: type=1400 audit(1773304063.927:8): apparmor="STATUS" operation="profile_load" profile="unconfined" name="busybox" pid=552 comm="apparmor_parser"
1773304065.733962 localhost kernel: audit: type=1400 audit(1773304063.928:9): apparmor="STATUS" operation="profile_load" profile="unconfined" name="buildah" pid=551 comm="apparmor_parser"
1773304065.733976 localhost kernel: audit: type=1400 audit(1773304063.943:10): apparmor="STATUS" operation="profile_load" profile="unconfined" name="cam" pid=553 comm="apparmor_parser"
1773304065.734034 localhost kernel: audit: type=1400 audit(1773304063.944:11): apparmor="STATUS" operation="profile_load" profile="unconfined" name="ch-checkns" pid=554 comm="apparmor_parser"
1773304065.736075 localhost multipathd[357]: multipathd v0.9.4: start up
1773304065.736075 localhost multipathd[357]: reconfigure: setting up paths and maps
1773304065.736336 localhost lvm[311]:   1 logical volume(s) in volume group "ubuntu-vg" monitored
1773304054.346100 localhost systemd[1]: Starting systemd-tmpfiles-setup-dev.service - Create Static Device Nodes in /dev...
1773304054.372732 localhost systemd[1]: Finished systemd-tmpfiles-setup-dev.service - Create Static Device Nodes in /dev.
1773304054.423959 localhost systemd[1]: Starting systemd-udevd.service - Rule-based Manager for Device Events and Files...
1773304054.441665 localhost systemd[1]: Activated swap swap.img.swap - /swap.img.
1773304054.443125 localhost systemd[1]: Reached target swap.target - Swaps.
1773304054.605988 localhost systemd-udevd[367]: Using default interface naming scheme 'v255'.
1773304055.045662 localhost systemd[1]: Finished systemd-sysctl.service - Apply Kernel Variables.
1773304065.738849 localhost systemd-fsck[513]: /dev/sda2: clean, 317/131072 files, 50706/524288 blocks
1773304055.317007 localhost systemd[1]: Finished lvm2-monitor.service - Monitoring of LVM2 mirrors, snapshots etc. using dmeventd or progress polling.
1773304056.264650 localhost systemd[1]: Started systemd-udevd.service - Rule-based Manager for Device Events and Files.
1773304065.740222 localhost apparmor.systemd[522]: Restarting AppArmor
1773304065.740222 localhost apparmor.systemd[522]: Reloading AppArmor profiles
1773304056.265450 localhost systemd[1]: plymouth-start.service - Show Plymouth Boot Screen was skipped because of an unmet condition check (ConditionKernelCommandLine=splash).
1773304056.265525 localhost systemd[1]: Started systemd-ask-password-console.path - Dispatch Password Requests to Console Directory Watch.
1773304056.266105 localhost systemd[1]: systemd-ask-password-plymouth.path - Forward Password Requests to Plymouth Directory Watch was skipped because of an unmet condition check (ConditionPathExists=/run/plymouth/pid).
1773304056.266120 localhost systemd[1]: Reached target cryptsetup.target - Local Encrypted Volumes.
1773304056.503627 localhost systemd[1]: Finished systemd-random-seed.service - Load/Save OS Random Seed.
1773304057.357970 localhost systemd[1]: Condition check resulted in dev-virtio\x2dports-org.qemu.guest_agent.0.device - /dev/virtio-ports/org.qemu.guest_agent.0 being skipped.
1773304057.363934 localhost systemd[1]: Listening on systemd-rfkill.socket - Load/Save RF Kill Switch Status /dev/rfkill Watch.
1773304057.477914 localhost (udev-worker)[374]: sda: Process '/usr/bin/unshare -m /usr/bin/snap auto-import --mount=/dev/sda' failed with exit code 1.
1773304057.536001 localhost systemd[1]: Starting modprobe@dm_mod.service - Load Kernel Module dm_mod...
1773304057.544921 localhost systemd[1]: Starting modprobe@efi_pstore.service - Load Kernel Module efi_pstore...
1773304057.547536 localhost systemd[1]: Starting modprobe@loop.service - Load Kernel Module loop...
1773304057.549471 localhost systemd[1]: netplan-ovs-cleanup.service - OpenVSwitch configuration for cleanup was skipped because of an unmet condition check (ConditionFileIsExecutable=/usr/bin/ovs-vsctl).
1773304057.549532 localhost systemd[1]: plymouth-start.service - Show Plymouth Boot Screen was skipped because of an unmet condition check (ConditionKernelCommandLine=splash).
1773304057.549565 localhost systemd[1]: systemd-ask-password-plymouth.path - Forward Password Requests to Plymouth Directory Watch was skipped because of an unmet condition check (ConditionPathExists=/run/plymouth/pid).
1773304057.549617 localhost systemd[1]: systemd-fsck-root.service - File System Check on Root Device was skipped because of an unmet condition check (ConditionPathExists=!/run/initramfs/fsck-root).
1773304057.549701 localhost systemd[1]: systemd-hwdb-update.service - Rebuild Hardware Database was skipped because of an unmet condition check (ConditionNeedsUpdate=/etc).
1773304057.549741 localhost systemd[1]: systemd-pcrmachine.service - TPM2 PCR Machine ID Measurement was skipped because of an unmet condition check (ConditionSecurity=measured-uki).
1773304057.549834 localhost systemd[1]: systemd-sysusers.service - Create System Users was skipped because no trigger condition checks were met.
1773304057.549876 localhost systemd[1]: systemd-tpm2-setup-early.service - TPM2 SRK Setup (Early) was skipped because of an unmet condition check (ConditionSecurity=measured-uki).
1773304057.549897 localhost systemd[1]: systemd-tpm2-setup.service - TPM2 SRK Setup was skipped because of an unmet condition check (ConditionSecurity=measured-uki).
1773304057.550405 localhost systemd[1]: modprobe@dm_mod.service: Deactivated successfully.
1773304057.550566 localhost systemd[1]: Finished modprobe@dm_mod.service - Load Kernel Module dm_mod.
1773304057.567911 localhost systemd[1]: modprobe@efi_pstore.service: Deactivated successfully.
1773304057.568070 localhost systemd[1]: Finished modprobe@efi_pstore.service - Load Kernel Module efi_pstore.
1773304057.568953 localhost systemd[1]: systemd-pstore.service - Platform Persistent Storage Archival was skipped because of an unmet condition check (ConditionDirectoryNotEmpty=/sys/fs/pstore).
1773304057.569396 localhost systemd[1]: modprobe@loop.service: Deactivated successfully.
1773304057.569540 localhost systemd[1]: Finished modprobe@loop.service - Load Kernel Module loop.
1773304057.570129 localhost systemd[1]: systemd-repart.service - Repartition Root Disk was skipped because no trigger condition checks were met.
1773304057.827871 localhost systemd[1]: Started multipathd.service - Device-Mapper Multipath Device Controller.
1773304057.828544 localhost systemd[1]: Reached target local-fs-pre.target - Preparation for Local File Systems.
1773304058.240728 localhost lvm[502]: PV /dev/sda3 online, VG ubuntu-vg is complete.
1773304058.240736 localhost lvm[502]: VG ubuntu-vg finished
1773304058.255864 localhost (udev-worker)[383]: sda3: Process '/usr/bin/unshare -m /usr/bin/snap auto-import --mount=/dev/sda3' failed with exit code 1.
1773304058.347338 localhost (udev-worker)[374]: sda1: Process '/usr/bin/unshare -m /usr/bin/snap auto-import --mount=/dev/sda1' failed with exit code 1.
1773304058.347339 localhost (udev-worker)[376]: sr0: Process '/usr/bin/unshare -m /usr/bin/snap auto-import --mount=/dev/sr0' failed with exit code 1.
1773304058.533705 localhost (udev-worker)[391]: sda2: Process '/usr/bin/unshare -m /usr/bin/snap auto-import --mount=/dev/sda2' failed with exit code 1.
1773304058.539661 localhost systemd[1]: Found device dev-disk-by\x2duuid-c3f8f018\x2df5f7\x2d4a5d\x2d92a1\x2d12ee87108672.device - QEMU_HARDDISK 2.
1773304058.547570 localhost systemd[1]: Starting systemd-fsck@dev-disk-by\x2duuid-c3f8f018\x2df5f7\x2d4a5d\x2d92a1\x2d12ee87108672.service - File System Check on /dev/disk/by-uuid/c3f8f018-f5f7-4a5d-92a1-12ee87108672...
1773304058.587972 localhost systemd[1]: Started systemd-fsckd.service - File System Check Daemon to report status.
1773304058.813741 localhost (udev-worker)[380]: dm-0: Process '/usr/bin/unshare -m /usr/bin/snap auto-import --mount=/dev/dm-0' failed with exit code 1.
1773304059.999462 localhost systemd[1]: Finished systemd-fsck@dev-disk-by\x2duuid-c3f8f018\x2df5f7\x2d4a5d\x2d92a1\x2d12ee87108672.service - File System Check on /dev/disk/by-uuid/c3f8f018-f5f7-4a5d-92a1-12ee87108672.
1773304060.213174 localhost systemd[1]: Mounting boot.mount - /boot...
1773304060.890851 localhost systemd[1]: Mounted boot.mount - /boot.
1773304060.891547 localhost systemd[1]: Reached target local-fs.target - Local File Systems.
1773304061.102915 localhost systemd[1]: Listening on systemd-sysext.socket - System Extension Image Management (Varlink).
1773304061.119192 localhost systemd[1]: Starting apparmor.service - Load AppArmor profiles...
1773304061.122913 localhost systemd[1]: Starting console-setup.service - Set console font and keymap...
1773304061.126380 localhost systemd[1]: Starting finalrd.service - Create final runtime dir for shutdown pivot root...
1773304061.126960 localhost systemd[1]: ldconfig.service - Rebuild Dynamic Linker Cache was skipped because no trigger condition checks were met.
1773304061.133917 localhost systemd[1]: Starting plymouth-read-write.service - Tell Plymouth To Write Out Runtime Data...
1773304061.206070 localhost systemd[1]: Starting systemd-binfmt.service - Set Up Additional Binary Formats...
1773304061.217391 localhost systemd[1]: Starting ufw.service - Uncomplicated firewall...
1773304061.248298 localhost systemd[1]: Finished console-setup.service - Set console font and keymap.
1773304061.336393 localhost systemd[1]: proc-sys-fs-binfmt_misc.automount: Got automount request for /proc/sys/fs/binfmt_misc, triggered by 529 (systemd-binfmt)
1773304061.343964 localhost systemd[1]: Mounting proc-sys-fs-binfmt_misc.mount - Arbitrary Executable File Formats File System...
1773304061.392290 localhost systemd[1]: Finished plymouth-read-write.service - Tell Plymouth To Write Out Runtime Data.
1773304061.445743 localhost systemd[1]: Mounted proc-sys-fs-binfmt_misc.mount - Arbitrary Executable File Formats File System.
1773304061.511996 localhost systemd[1]: Finished systemd-binfmt.service - Set Up Additional Binary Formats.
1773304061.512867 localhost systemd[1]: Finished ufw.service - Uncomplicated firewall.
1773304061.513431 localhost systemd[1]: Reached target network-pre.target - Preparation for Network.
1773304061.522932 localhost systemd[1]: Starting systemd-networkd.service - Network Configuration...
1773304061.684326 localhost systemd[1]: Finished finalrd.service - Create final runtime dir for shutdown pivot root.
1773304063.734328 localhost systemd-networkd[539]: lo: Link UP
1773304063.734333 localhost systemd-networkd[539]: lo: Gained carrier
1773304063.736349 localhost systemd-networkd[539]: Enumeration completed
1773304063.736965 localhost systemd[1]: Started systemd-networkd.service - Network Configuration.
1773304063.751076 localhost systemd[1]: Starting systemd-networkd-wait-online.service - Wait for Network to be Configured...
1773304063.769466 localhost systemd-networkd[539]: ens18: Configuring with /run/systemd/network/10-netplan-ens18.network.
1773304063.771827 localhost systemd-networkd[539]: ens18: Link UP
1773304063.771834 localhost systemd-networkd[539]: ens18: Gained carrier
1773304063.817855 localhost systemd-networkd[539]: ens18: DHCPv4 address 172.16.9.182/23, gateway 172.16.8.1 acquired from 172.16.8.1
1773304064.961960 localhost systemd-networkd[539]: ens18: Gained IPv6LL
1773304064.997272 localhost systemd[1]: Finished systemd-networkd-wait-online.service - Wait for Network to be Configured.
1773304065.735518 localhost systemd[1]: Finished systemd-journal-flush.service - Flush Journal to Persistent Storage.
1773304065.816260 localhost systemd[1]: Starting systemd-tmpfiles-setup.service - Create Volatile Files and Directories...
1773304066.592899 localhost systemd[1]: Finished apparmor.service - Load AppArmor profiles.
1773304066.605049 localhost systemd[1]: Starting snapd.apparmor.service - Load AppArmor profiles managed internally by snapd...
1773304066.730522 localhost snapd-apparmor[669]: main.go:143: No profiles to load
1773304066.733809 localhost systemd[1]: Finished snapd.apparmor.service - Load AppArmor profiles managed internally by snapd.
1773304066.869990 localhost systemd[1]: Finished systemd-tmpfiles-setup.service - Create Volatile Files and Directories.
1773304066.871180 localhost systemd[1]: systemd-firstboot.service - First Boot Wizard was skipped because of an unmet condition check (ConditionFirstBoot=yes).
1773304066.871286 localhost systemd[1]: first-boot-complete.target - First Boot Complete was skipped because of an unmet condition check (ConditionFirstBoot=yes).
1773304066.871432 localhost systemd[1]: systemd-journal-catalog-update.service - Rebuild Journal Catalog was skipped because of an unmet condition check (ConditionNeedsUpdate=/var).
1773304066.871549 localhost systemd[1]: systemd-machine-id-commit.service - Commit a transient machine-id on disk was skipped because of an unmet condition check (ConditionPathIsMountPoint=/etc/machine-id).
1773304066.878056 localhost systemd[1]: Starting systemd-resolved.service - Network Name Resolution...
1773304066.890175 localhost systemd[1]: Starting systemd-timesyncd.service - Network Time Synchronization...
1773304066.899155 localhost systemd[1]: systemd-update-done.service - Update is Completed was skipped because no trigger condition checks were met.
1773304066.910222 localhost systemd[1]: Starting systemd-update-utmp.service - Record System Boot/Shutdown in UTMP...
1773304066.913843 localhost systemd[1]: vgauth.service - Authentication service for virtual machines hosted on VMware was skipped because of an unmet condition check (ConditionVirtualization=vmware).
1773304066.913994 localhost systemd[1]: open-vm-tools.service - Service for virtual machines hosted on VMware was skipped because of an unmet condition check (ConditionVirtualization=vmware).
1773304067.112312 localhost systemd[1]: Finished systemd-update-utmp.service - Record System Boot/Shutdown in UTMP.
1773304067.147406 localhost systemd[1]: Started systemd-timesyncd.service - Network Time Synchronization.
1773304067.149431 localhost systemd[1]: Reached target time-set.target - System Time Set.
1773304067.373041 localhost systemd-resolved[677]: Positive Trust Anchors:
1773304067.373058 localhost systemd-resolved[677]: . IN DS 20326 8 2 e06d44b80b8f1d39a95c0b0d7c65d08458e880409bbc683457104237c7f8ec8d
1773304067.373096 localhost systemd-resolved[677]: Negative trust anchors: home.arpa 10.in-addr.arpa 16.172.in-addr.arpa 17.172.in-addr.arpa 18.172.in-addr.arpa 19.172.in-addr.arpa 20.172.in-addr.arpa 21.172.in-addr.arpa 22.172.in-addr.arpa 23.172.in-addr.arpa 24.172.in-addr.arpa 25.172.in-addr.arpa 26.172.in-addr.arpa 27.172.in-addr.arpa 28.172.in-addr.arpa 29.172.in-addr.arpa 30.172.in-addr.arpa 31.172.in-addr.arpa 170.0.0.192.in-addr.arpa 171.0.0.192.in-addr.arpa 168.192.in-addr.arpa d.f.ip6.arpa ipv4only.arpa corp home internal intranet lan local private test
1773304068.158215 localhost systemd-resolved[677]: Defaulting to hostname 'linux'.
1773304068.160723 localhost systemd[1]: Started systemd-resolved.service - Network Name Resolution.
1773304068.161495 localhost systemd[1]: Reached target network.target - Network.
1773304068.162125 localhost systemd[1]: Reached target network-online.target - Network is Online.
1773304068.162678 localhost systemd[1]: Reached target nss-lookup.target - Host and Network Name Lookups.
1773304068.165601 localhost systemd[1]: Reached target sysinit.target - System Initialization.
1773304068.166317 localhost systemd[1]: apport-autoreport.path - Process error reports when automatic reporting is enabled (file watch) was skipped because of an unmet condition check (ConditionPathExists=/var/lib/apport/autoreport).
1773304068.166338 localhost systemd[1]: tpm-udev.path - Handle dynamically added tpm devices was skipped because of an unmet condition check (ConditionVirtualization=container).
1773304068.166364 localhost systemd[1]: apport-autoreport.timer - Process error reports when automatic reporting is enabled (timer based) was skipped because of an unmet condition check (ConditionPathExists=/var/lib/apport/autoreport).
1773304068.183819 localhost systemd[1]: Started apt-daily.timer - Daily apt download activities.
1773304068.185753 localhost systemd[1]: Started apt-daily-upgrade.timer - Daily apt upgrade and clean activities.
1773304068.186518 localhost systemd[1]: Started dpkg-db-backup.timer - Daily dpkg database backup timer.
1773304068.187216 localhost systemd[1]: Started e2scrub_all.timer - Periodic ext4 Online Metadata Check for All Filesystems.
1773304068.187926 localhost systemd[1]: Started fstrim.timer - Discard unused filesystem blocks once a week.
1773304068.237871 localhost systemd[1]: Started fwupd-refresh.timer - Refresh fwupd metadata regularly.
1773304068.238513 localhost systemd[1]: Started logrotate.timer - Daily rotation of log files.
1773304068.244157 localhost systemd[1]: Started man-db.timer - Daily man-db regeneration.
1773304068.244763 localhost systemd[1]: Started motd-news.timer - Message of the Day.
1773304068.247412 localhost systemd[1]: snapd.snap-repair.timer - Timer to automatically fetch and run repair assertions was skipped because no trigger condition checks were met.
1773304068.247459 localhost systemd[1]: Started sysstat-collect.timer - Run system activity accounting tool every 10 minutes.
1773304068.248091 localhost systemd[1]: Started sysstat-summary.timer - Generate summary of yesterday's process accounting.
1773304068.248563 localhost systemd[1]: Started systemd-tmpfiles-clean.timer - Daily Cleanup of Temporary Directories.
1773304068.380155 localhost systemd[1]: ua-timer.timer - Ubuntu Pro Timer for running repeated jobs was skipped because of an unmet condition check (ConditionPathExists=/var/lib/ubuntu-advantage/private/machine-token.json).
1773304068.380221 localhost systemd[1]: Started update-notifier-download.timer - Download data for packages that failed at package install time.
1773304068.381094 localhost systemd[1]: Started update-notifier-motd.timer - Check to see whether there is a new version of Ubuntu available.
1773304068.381605 localhost systemd[1]: Reached target paths.target - Path Units.
1773304068.383229 localhost systemd[1]: Reached target timers.target - Timer Units.
1773304068.383693 localhost systemd[1]: apport-forward.socket - Unix socket for apport crash forwarding was skipped because of an unmet condition check (ConditionVirtualization=container).
1773304068.395069 localhost systemd[1]: Listening on dbus.socket - D-Bus System Message Bus Socket.
1773304068.401370 localhost systemd[1]: Listening on iscsid.socket - Open-iSCSI iscsid Socket.
1773304068.456324 localhost systemd[1]: Starting lxd-installer.socket - Helper to install lxd snap on demand...
1773304068.468138 localhost systemd[1]: Starting snapd.socket - Socket activation for snappy daemon...
1773304068.481632 localhost systemd[1]: Listening on ssh.socket - OpenBSD Secure Shell server socket.
1773304068.487779 localhost systemd[1]: Listening on uuidd.socket - UUID daemon activation socket.
1773304068.497776 localhost systemd[1]: open-iscsi.service - Login to default iSCSI targets was skipped because no trigger condition checks were met.
1773304068.499076 localhost systemd[1]: Reached target remote-fs-pre.target - Preparation for Remote File Systems.
1773304068.499919 localhost systemd[1]: Reached target remote-fs.target - Remote File Systems.
1773304068.501605 localhost systemd[1]: Finished blk-availability.service - Availability of block devices.
1773304068.503341 localhost systemd[1]: systemd-pcrphase-sysinit.service - TPM2 PCR Barrier (Initialization) was skipped because of an unmet condition check (ConditionSecurity=measured-uki).
1773304068.507170 localhost systemd[1]: Listening on lxd-installer.socket - Helper to install lxd snap on demand.
1773304068.508439 localhost systemd[1]: Listening on snapd.socket - Socket activation for snappy daemon.
1773304068.509656 localhost systemd[1]: Reached target sockets.target - Socket Units.
1773304068.510230 localhost systemd[1]: Reached target basic.target - Basic System.
1773304068.525068 localhost systemd[1]: Starting apport.service - automatic crash report generation...
1773304068.548389 localhost systemd[1]: Started cron.service - Regular background program processing daemon.
1773304068.561172 localhost (cron)[687]: cron.service: Referenced but unset environment variable evaluates to an empty string: EXTRA_OPTS
1773304068.565694 localhost cron[687]: (CRON) INFO (pidfile fd = 3)
1773304068.570187 localhost systemd[1]: Starting dbus.service - D-Bus System Message Bus...
1773304068.592057 localhost systemd[1]: Started dmesg.service - Save initial kernel messages after boot.
1773304068.598110 localhost systemd[1]: Starting e2scrub_reap.service - Remove Stale Online ext4 Metadata Check Snapshots...
1773304068.598812 localhost systemd[1]: getty-static.service - getty on tty2-tty6 if dbus and logind are not available was skipped because of an unmet condition check (ConditionPathExists=!/usr/bin/dbus-daemon).
1773304068.670382 localhost cron[687]: (CRON) INFO (Running @reboot jobs)
1773304068.708152 localhost systemd[1]: Starting grub-common.service - Record successful boot for GRUB...
1773304069.072985 localhost dbus-daemon[688]: dbus[688]: Unknown group "power" in message bus configuration file
1773304069.119199 localhost systemd[1]: networkd-dispatcher.service - Dispatcher daemon for systemd-networkd was skipped because no trigger condition checks were met.
1773304069.204442 localhost systemd[1]: Starting polkit.service - Authorization Manager...
1773304069.245460 localhost systemd[1]: pollinate.service - Pollinate to seed the pseudo random number generator was skipped because of an unmet condition check (ConditionPathExists=!/var/cache/pollinate/seeded).
1773304069.260012 localhost systemd[1]: Started qemu-guest-agent.service - QEMU Guest Agent.
1773304069.267034 localhost systemd[1]: Starting rsyslog.service - System Logging Service...
1773304069.267711 localhost systemd[1]: secureboot-db.service - Secure Boot updates for DB and DBX was skipped because of an unmet condition check (ConditionPathExists=/sys/firmware/efi/efivars/db-d719b2cb-3d3a-4596-a3bc-dad00e67656f).
1773304069.267849 localhost systemd[1]: snapd.core-fixup.service - Automatically repair incorrect owner/permissions on core devices was skipped because no trigger condition checks were met.
1773304069.271221 localhost systemd[1]: snapd.recovery-chooser-trigger.service - Wait for the Ubuntu Core chooser trigger was skipped because of an unmet condition check (ConditionKernelCommandLine=snapd_recovery_mode).
1773304069.271247 localhost systemd[1]: Reached target getty-pre.target - Preparation for Logins.
1773304069.568515 localhost systemd[1]: Starting snapd.seeded.service - Wait until snapd is fully seeded...
1773304069.819365 localhost systemd[1]: Starting snapd.service - Snap Daemon...
1773304069.861170 localhost systemd[1]: Starting sysstat.service - Resets System Activity Logs...
1773304070.142540 localhost systemd[1]: Starting systemd-logind.service - User Login Management...
1773304070.213414 localhost dbus-daemon[688]: [system] AppArmor D-Bus mediation is enabled
1773304070.149068 localhost systemd[1]: systemd-pcrphase.service - TPM2 PCR Barrier (User) was skipped because of an unmet condition check (ConditionSecurity=measured-uki).
1773304070.236527 localhost dbus-daemon[688]: [system] Activating systemd to hand-off: service name='org.freedesktop.hostname1' unit='dbus-org.freedesktop.hostname1.service' requested by ':1.0' (uid=998 pid=539 comm="/usr/lib/systemd/systemd-networkd" label="unconfined")
1773304070.236706 localhost systemd[1]: Starting systemd-user-sessions.service - Permit User Sessions...
1773304070.594674 localhost systemd[1]: thermald.service - Thermal Daemon Service was skipped because of an unmet condition check (ConditionVirtualization=no).
1773304070.594851 localhost systemd[1]: ua-reboot-cmds.service - Ubuntu Pro reboot cmds was skipped because of an unmet condition check (ConditionPathExists=/var/lib/ubuntu-advantage/private/machine-token.json).
1773304070.608189 localhost systemd[1]: ubuntu-advantage.service - Ubuntu Pro Background Auto Attach was skipped because no trigger condition checks were met.
1773304070.638096 localhost kernel: kauditd_printk_skb: 109 callbacks suppressed
1773304071.136563 localhost kernel: audit: type=1400 audit(1773304070.582:121): apparmor="STATUS" operation="profile_replace" info="same as current profile, skipping" profile="unconfined" name="rsyslogd" pid=704 comm="apparmor_parser"
1773304070.779145 localhost dbus-daemon[688]: [system] Successfully activated service 'org.freedesktop.systemd1'
1773304070.652083 localhost systemd[1]: Starting udisks2.service - Disk Manager...
1773304070.671559 localhost systemd[1]: Started dbus.service - D-Bus System Message Bus.
1773304070.686439 localhost systemd[1]: e2scrub_reap.service: Deactivated successfully.
1773304070.696262 localhost systemd[1]: Finished e2scrub_reap.service - Remove Stale Online ext4 Metadata Check Snapshots.
1773304070.723548 localhost systemd[1]: Finished sysstat.service - Resets System Activity Logs.
1773304070.724613 localhost systemd[1]: Finished systemd-user-sessions.service - Permit User Sessions.
1773304070.747300 localhost systemd-logind[702]: New seat seat0.
1773304070.777501 localhost systemd-logind[702]: Watching system buttons on /dev/input/event0 (Power Button)
1773304070.777525 localhost systemd-logind[702]: Watching system buttons on /dev/input/event1 (AT Translated Set 2 keyboard)
1773304070.810917 localhost systemd[1]: Starting plymouth-quit-wait.service - Hold until boot process finishes up...
1773304070.861068 localhost systemd[1]: Starting plymouth-quit.service - Terminate Plymouth Boot Screen...
1773304070.863080 localhost systemd[1]: Started systemd-logind.service - User Login Management.
1773304071.089741 localhost systemd[1]: Finished plymouth-quit-wait.service - Hold until boot process finishes up.
1773304071.272528 localhost systemd[1]: Starting setvtrgb.service - Set console scheme...
1773304071.312643 localhost systemd[1]: Starting systemd-hostnamed.service - Hostname Service...
1773304071.332108 localhost systemd[1]: Started unattended-upgrades.service - Unattended Upgrades Shutdown.
1773304071.383663 localhost kernel: workqueue: drm_fb_helper_damage_work hogged CPU for >10000us 64 times, consider switching to WQ_UNBOUND
1773304071.397186 localhost systemd[1]: Finished plymouth-quit.service - Terminate Plymouth Boot Screen.
1773304071.470811 localhost dbus-daemon[688]: [system] Successfully activated service 'org.freedesktop.hostname1'
1773304071.474284 localhost systemd[1]: Started systemd-hostnamed.service - Hostname Service.
1773304071.476766 localhost dbus-daemon[688]: [system] Activating via systemd: service name='org.freedesktop.PolicyKit1' unit='polkit.service' requested by ':1.5' (uid=0 pid=722 comm="/usr/lib/systemd/systemd-hostnamed" label="unconfined")
1773304071.634804 localhost udisksd[706]: udisks daemon version 2.10.1 starting
